High fiving at: 2024-06-25 10:35
after flow1
Next History time: 2024-06-25 10:40
Next History time: 2024-06-25 10:40
High fiving at: 2024-06-25 10:40
after flow2
Next History time: 2024-06-25 10:45
Next History time: 2024-06-25 10:45
High fiving at: 2024-06-25 10:45
after flow3
Next History time: 2024-06-25 10:50
Next History time: 2024-06-25 10:50
High fiving at: 2024-06-25 10:50
after flow4
Next History time: 2024-06-25 10:55
Next History time: 2024-06-25 10:55
High fiving at: 2024-06-25 10:55
after flow5
Next History time: 2024-06-25 11:0
Next History time: 2024-06-25 11:0
High fiving at: 2024-06-25 11:00
flow_five Welcome to high five flow
flow_five_five -- stage_two
flow_five_five -- stage_two
flow_five_five_one --- stage_three
Greening from here>>>>>>>>>>>>>>>>>>>>>>>>>>>>>>>>>>>>>>>>>>>>>>>>>>>>>>>>>>>>>>>>>>>>>>>>>>>>>>>>>>>>>>>>>>>>>>>>>>>>>>>>>>>>>>>>>>>>>>>
High fiving at: 2024-06-25 11:05
after flow7
Next History time: 2024-06-25 11:10
Next History time: 2024-06-25 11:10
High fiving at: 2024-06-25 11:10
after flow8
Next History time: 2024-06-25 11:15
Next History time: 2024-06-25 11:15
High fiving at: 2024-06-25 11:15
after flow9
Next History time: 2024-06-25 11:20
Next History time: 2024-06-25 11:20
High fiving at: 2024-06-25 11:20
after flow10
Next History time: 2024-06-25 11:25
Next History time: 2024-06-25 11:25
High fiving at: 2024-06-25 11:25
after flow11
Next History time: 2024-06-25 11:30
Next History time: 2024-06-25 11:30
High fiving at: 2024-06-25 11:30
after flow12
Next History time: 2024-06-25 11:35
Next History time: 2024-06-25 11:35
High fiving at: 2024-06-25 11:35
after flow13
Next History time: 2024-06-25 11:40
Next History time: 2024-06-25 11:40
High fiving at: 2024-06-25 11:40
after flow14
Next History time: 2024-06-25 11:45
Next History time: 2024-06-25 11:45
High fiving at: 2024-06-25 11:45
after flow15
Next History time: 2024-06-25 11:50
Next History time: 2024-06-25 11:50
High fiving at: 2024-06-25 11:50
after flow16
Next History time: 2024-06-25 11:55
Next History time: 2024-06-25 11:55
High fiving at: 2024-06-25 11:55
after flow17
Next History time: 2024-06-25 12:0
Next History time: 2024-06-25 12:0
High fiving at: 2024-06-25 12:00
after flow18
Next History time: 2024-06-25 12:5
Next History time: 2024-06-25 12:5
High fiving at: 2024-06-25 12:05
after flow19
Next History time: 2024-06-25 12:10
Next History time: 2024-06-25 12:10
High fiving at: 2024-06-25 12:10
after flow20
Next History time: 2024-06-25 12:15
Next History time: 2024-06-25 12:15
High fiving at: 2024-06-25 12:15
after flow21
Next History time: 2024-06-25 12:20
Next History time: 2024-06-25 12:20
High fiving at: 2024-06-25 12:20
after flow22
Next History time: 2024-06-25 12:25
Next History time: 2024-06-25 12:25
High fiving at: 2024-06-25 12:25
flow_five Welcome to high five flow
flow_five_six -- stage_two
flow_five_six -- stage_two
flow_five_six_one --- stage_three
flow_five_six_seven --- stage_three
flow_five_six_one --- stage_three
flow_five_six_one_seven ---- stage_four
Greening from here>>>>>>>>>>>>>>>>>>>>>>>>>>>>>>>>>>>>>>>>>>>>>>>>>>>>>>>>>>>>>>>>>>>>>>>>>>>>>>>>>>>>>>>>>>>>>>>>>>>>>>>>>>>>>>>>>>>>>>>
High fiving at: 2024-06-25 12:30
after flow24
Next History time: 2024-06-25 12:35
Next History time: 2024-06-25 12:35
High fiving at: 2024-06-25 12:35
after flow25
Next History time: 2024-06-25 12:40
Next History time: 2024-06-25 12:40
High fiving at: 2024-06-25 12:40
after flow26
Next History time: 2024-06-25 12:45
Next History time: 2024-06-25 12:45
High fiving at: 2024-06-25 12:45
after flow27
Next History time: 2024-06-25 12:50
Next History time: 2024-06-25 12:50
High fiving at: 2024-06-25 12:50
after flow28
Next History time: 2024-06-25 12:55
Next History time: 2024-06-25 12:55
High fiving at: 2024-06-25 12:55
after flow29
Next History time: 2024-06-25 13:0
Next History time: 2024-06-25 13:0
High fiving at: 2024-06-25 13:00
after flow30
Next History time: 2024-06-25 13:5
Next History time: 2024-06-25 13:5
High fiving at: 2024-06-25 13:05
after flow31
Next History time: 2024-06-25 13:10
Next History time: 2024-06-25 13:10
High fiving at: 2024-06-25 13:10
flow_five Welcome to high five flow
flow_five_six -- stage_two
flow_five_six -- stage_two
flow_five_six_eight --- stage_three
flow_five_six_eight --- stage_three
flow_five_six_eight_eleven ---- stage_four
after flow32
Next History time: 2024-06-25 13:15
Next History time: 2024-06-25 13:15
High fiving at: 2024-06-25 13:15
after flow33
Next History time: 2024-06-25 13:20
Next History time: 2024-06-25 13:20
High fiving at: 2024-06-25 13:20
after flow34
Next History time: 2024-06-25 13:25
Next History time: 2024-06-25 13:25
High fiving at: 2024-06-25 13:25
after flow35
Next History time: 2024-06-25 13:30
Next History time: 2024-06-25 13:30
High fiving at: 2024-06-25 13:30
after flow36
Next History time: 2024-06-25 13:35
Next History time: 2024-06-25 13:35
High fiving at: 2024-06-25 13:35
after flow37
Next History time: 2024-06-25 13:40
Next History time: 2024-06-25 13:40
High fiving at: 2024-06-25 13:40
after flow38
Next History time: 2024-06-25 13:45
Next History time: 2024-06-25 13:45
High fiving at: 2024-06-25 13:45
after flow39
Next History time: 2024-06-25 13:50
Next History time: 2024-06-25 13:50
High fiving at: 2024-06-25 13:50
after flow40
Next History time: 2024-06-25 13:55
Next History time: 2024-06-25 13:55
High fiving at: 2024-06-25 13:55
after flow41
Next History time: 2024-06-25 14:0
Next History time: 2024-06-25 14:0
High fiving at: 2024-06-25 14:00
after flow42
Next History time: 2024-06-25 14:5
Next History time: 2024-06-25 14:5
High fiving at: 2024-06-25 14:05
after flow43
Next History time: 2024-06-25 14:10
Next History time: 2024-06-25 14:10
High fiving at: 2024-06-25 14:10
after flow44
Next History time: 2024-06-25 14:15
Next History time: 2024-06-25 14:15
High fiving at: 2024-06-25 14:15
after flow45
Next History time: 2024-06-25 14:20
Next History time: 2024-06-25 14:20
High fiving at: 2024-06-25 14:20
after flow46
Next History time: 2024-06-25 14:25
Next History time: 2024-06-25 14:25
High fiving at: 2024-06-25 14:25
after flow47
Next History time: 2024-06-25 14:30
Next History time: 2024-06-25 14:30
High fiving at: 2024-06-25 14:30
after flow48
Next History time: 2024-06-25 14:35
Next History time: 2024-06-25 14:35
High fiving at: 2024-06-25 14:35
after flow49
Next History time: 2024-06-25 14:40
Next History time: 2024-06-25 14:40
High fiving at: 2024-06-25 14:40
after flow50
Next History time: 2024-06-25 14:45
Next History time: 2024-06-25 14:45
High fiving at: 2024-06-25 14:45
after flow51
Next History time: 2024-06-25 14:50
Next History time: 2024-06-25 14:50
High fiving at: 2024-06-25 14:50
after flow52
Next History time: 2024-06-25 14:55
Next History time: 2024-06-25 14:55
High fiving at: 2024-06-25 14:55
after flow53
Next History time: 2024-06-25 15:0
Next History time: 2024-06-25 15:0
High fiving at: 2024-06-25 15:00
after flow54
Next History time: 2024-06-25 15:5
Next History time: 2024-06-25 15:5
High fiving at: 2024-06-25 15:05
after flow55
Next History time: 2024-06-25 15:10
Next History time: 2024-06-25 15:10
High fiving at: 2024-06-25 15:10
after flow56
Next History time: 2024-06-25 15:15
Next History time: 2024-06-25 15:15
High fiving at: 2024-06-25 15:15
after flow57
Next History time: 2024-06-25 15:20
Next History time: 2024-06-25 15:20
High fiving at: 2024-06-25 15:20
after flow58
Next History time: 2024-06-25 15:25
Next History time: 2024-06-25 15:25
High fiving at: 2024-06-25 15:25
after flow59
Next History time: 2024-06-25 15:30
Next History time: 2024-06-25 15:30
this is current params: {'exchange': 'NSE', 'symboltoken': '99926009', 'interval': 'FIVE_MINUTE', 'fromdate': '2024-06-25 15:30', 'todate': '2024-06-25 15:30'}
this is current: {}
High fiving at: 2024-06-26 10:45
after flow1
Next History time: 2024-06-26 10:55
Next History time: 2024-06-26 10:55
High fiving at: 2024-06-26 10:50
after flow2
Next History time: 2024-06-26 10:55
Next History time: 2024-06-26 10:55
High fiving at: 2024-06-26 10:55
after flow3
Next History time: 2024-06-26 11:0
Next History time: 2024-06-26 11:0
High fiving at: 2024-06-26 11:00
after flow4
Next History time: 2024-06-26 11:5
Next History time: 2024-06-26 11:5
High fiving at: 2024-06-26 11:05
after flow5
Next History time: 2024-06-26 11:10
Next History time: 2024-06-26 11:10
High fiving at: 2024-06-26 11:10
after flow6
Next History time: 2024-06-26 11:15
Next History time: 2024-06-26 11:15
High fiving at: 2024-06-26 11:15
after flow7
Next History time: 2024-06-26 11:20
Next History time: 2024-06-26 11:20
High fiving at: 2024-06-26 11:20
after flow8
Next History time: 2024-06-26 11:25
Next History time: 2024-06-26 11:25
Traceback (most recent call last):
  File "/var/www/html/market/example/Transactions.py", line 234, in <module>
    dates = stream_into_flow(obj,data)
  File "/var/www/html/market/example/lib.py", line 675, in stream_into_flow
    time.sleep(300)
KeyboardInterrupt
High fiving at: 2024-06-28 12:45
after flow1
Next History time: 2024-06-28 12:55
Next History time: 2024-06-28 12:55
Traceback (most recent call last):
  File "/var/www/html/market/example/Transactions.py", line 369, in <module>
    dates = stream_into_flow(obj,data)
  File "/var/www/html/market/example/lib.py", line 673, in stream_into_flow
    time.sleep(next_fivemloop_inseconds())  # Sleep for "Intervel" seconds before running again
KeyboardInterrupt
High fiving at: 2024-07-01 11:45
variables::::: [{'token': '53785', 'price': 1365.0, 'symbol': 'BANKNIFTY31JUL2453400CE', 'shareprice': 91.0}, None, None, None]
var of variable: {'token': '53785', 'price': 1365.0, 'symbol': 'BANKNIFTY31JUL2453400CE', 'shareprice': 91.0}
option_order_response:: None
var of variable: None
var of variable: None
var of variable: None
Power nap++++++++++++++++++++++++++++++++++++++++++++++++++++++++++++++++++++
High fiving at: 2024-07-01 11:45
variables::::: [{'token': '53785', 'price': 1276.5, 'symbol': 'BANKNIFTY31JUL2453400CE', 'shareprice': 85.1}, None, None, None]
var of variable: {'token': '53785', 'price': 1276.5, 'symbol': 'BANKNIFTY31JUL2453400CE', 'shareprice': 85.1}
option_order_response:: None
var of variable: None
var of variable: None
var of variable: None
Power nap++++++++++++++++++++++++++++++++++++++++++++++++++++++++++++++++++++
High fiving at: 2024-07-01 11:45
variables::::: [{'token': '53785', 'price': 1276.5, 'symbol': 'BANKNIFTY31JUL2453400CE', 'shareprice': 85.1}, None, None, None]
var of variable: {'token': '53785', 'price': 1276.5, 'symbol': 'BANKNIFTY31JUL2453400CE', 'shareprice': 85.1}
option_order_response:: None
var of variable: None
var of variable: None
var of variable: None
An error occurred: local variable 'cursor' referenced before assignment
Attempting to reconnect...
Traceback (most recent call last):
  File "/var/www/html/market/example/optionslib.py", line 198, in get_entered_options
    connection = mysql.connector.connect(**db_config)
NameError: name 'mysql' is not defined

During handling of the above exception, another exception occurred:

Traceback (most recent call last):
  File "/var/www/html/market/example/optionslib.py", line 216, in get_entered_options
    except mysql.connector.Error as err:
NameError: name 'mysql' is not defined

During handling of the above exception, another exception occurred:

Traceback (most recent call last):
  File "/var/www/html/market/example/Transactions.py", line 36, in <module>
    dates = stream_into_flow(obj,data)
  File "/var/www/html/market/example/lib.py", line 676, in stream_into_flow
    entered_options = get_entered_options()
  File "/var/www/html/market/example/optionslib.py", line 221, in get_entered_options
    if cursor:
UnboundLocalError: local variable 'cursor' referenced before assignment

During handling of the above exception, another exception occurred:

Traceback (most recent call last):
  File "/var/www/html/market/example/optionslib.py", line 198, in get_entered_options
    connection = mysql.connector.connect(**db_config)
NameError: name 'mysql' is not defined

During handling of the above exception, another exception occurred:

Traceback (most recent call last):
  File "/var/www/html/market/example/optionslib.py", line 216, in get_entered_options
    except mysql.connector.Error as err:
NameError: name 'mysql' is not defined

During handling of the above exception, another exception occurred:

Traceback (most recent call last):
  File "/var/www/html/market/example/Transactions.py", line 42, in <module>
    dates = stream_into_flow(obj, data)
  File "/var/www/html/market/example/lib.py", line 676, in stream_into_flow
    entered_options = get_entered_options()
  File "/var/www/html/market/example/optionslib.py", line 221, in get_entered_options
    if cursor:
UnboundLocalError: local variable 'cursor' referenced before assignment

During handling of the above exception, another exception occurred:

Traceback (most recent call last):
  File "/var/www/html/market/example/Transactions.py", line 53, in <module>
    send_email('Flow update', "Please check the flow.. Connection might interupted.")
  File "/var/www/html/market/example/lib.py", line 783, in send_email
    server.login(smtp_username, smtp_password)
  File "/usr/lib/python3.8/smtplib.py", line 743, in login
    raise last_exception
  File "/usr/lib/python3.8/smtplib.py", line 732, in login
    (code, resp) = self.auth(
  File "/usr/lib/python3.8/smtplib.py", line 655, in auth
    raise SMTPAuthenticationError(code, resp)
smtplib.SMTPAuthenticationError: (535, b'5.7.8 Username and Password not accepted. For more information, go to\n5.7.8  https://support.google.com/mail/?p=BadCredentials d9443c01a7336-1fac1538fe7sm56314885ad.172 - gsmtp')
High fiving at: 2024-07-01 11:55
variables::::: [None, None, None, None]
var of variable: None
var of variable: None
var of variable: None
var of variable: None
entered_options:  [{'id': 70, 'symbol': 'BANKNIFTY31JUL2453400CE', 'bought_at': 15, 'sell_index': 52999, 'lot_price': 15, 'nse_index': '52580.0', 'orderid': '240701100526930', 'status': 'Entered', 'token': '53785', 'type': 'BUY', 'sell_orderid': None}, {'id': 71, 'symbol': 'BANKNIFTY31JUL2453400CE', 'bought_at': 15, 'sell_index': 52999, 'lot_price': 15, 'nse_index': '52580.0', 'orderid': '240701100527772', 'status': 'Entered', 'token': '53785', 'type': 'BUY', 'sell_orderid': None}]
Power nap++++++++++++++++++++++++++++++++++++++++++++++++++++++++++++++++++++
High fiving at: 2024-07-01 11:55
variables::::: [None, None, None, None]
var of variable: None
var of variable: None
var of variable: None
var of variable: None
entered_options:  [{'id': 70, 'symbol': 'BANKNIFTY31JUL2453400CE', 'bought_at': 15, 'sell_index': 52999, 'lot_price': 15, 'nse_index': '52580.0', 'orderid': '240701100526930', 'status': 'Entered', 'token': '53785', 'type': 'BUY', 'sell_orderid': None}, {'id': 71, 'symbol': 'BANKNIFTY31JUL2453400CE', 'bought_at': 15, 'sell_index': 52999, 'lot_price': 15, 'nse_index': '52580.0', 'orderid': '240701100527772', 'status': 'Entered', 'token': '53785', 'type': 'BUY', 'sell_orderid': None}]
An error occurred: fast_looping() takes 2 positional arguments but 3 were given
Attempting to reconnect...
Traceback (most recent call last):
  File "/var/www/html/market/example/Transactions.py", line 36, in <module>
    dates = stream_into_flow(obj,data)
  File "/var/www/html/market/example/lib.py", line 679, in stream_into_flow
    fast_looping(connection_obj, entered_options, Historion['current_closing'])
TypeError: fast_looping() takes 2 positional arguments but 3 were given

During handling of the above exception, another exception occurred:

Traceback (most recent call last):
  File "/var/www/html/market/example/Transactions.py", line 42, in <module>
    dates = stream_into_flow(obj, data)
  File "/var/www/html/market/example/lib.py", line 679, in stream_into_flow
    fast_looping(connection_obj, entered_options, Historion['current_closing'])
TypeError: fast_looping() takes 2 positional arguments but 3 were given

During handling of the above exception, another exception occurred:

Traceback (most recent call last):
  File "/var/www/html/market/example/Transactions.py", line 53, in <module>
    send_email('Flow update', "Please check the flow.. Connection might interupted.")
  File "/var/www/html/market/example/lib.py", line 783, in send_email
    server.login(smtp_username, smtp_password)
  File "/usr/lib/python3.8/smtplib.py", line 743, in login
    raise last_exception
  File "/usr/lib/python3.8/smtplib.py", line 732, in login
    (code, resp) = self.auth(
  File "/usr/lib/python3.8/smtplib.py", line 655, in auth
    raise SMTPAuthenticationError(code, resp)
smtplib.SMTPAuthenticationError: (535, b'5.7.8 Username and Password not accepted. For more information, go to\n5.7.8  https://support.google.com/mail/?p=BadCredentials d9443c01a7336-1fac1568da9sm56146445ad.203 - gsmtp')
High fiving at: 2024-07-03 10:10
variables::::: [None, None, None, None]
var of variable: None
var of variable: None
var of variable: None
var of variable: None
entered_options:  []
after flow1
Next History time: 2024-07-03 10:20
Next History time: 2024-07-03 10:20
High fiving at: 2024-07-03 10:15
variables::::: [None, None, None, None]
var of variable: None
var of variable: None
var of variable: None
var of variable: None
entered_options:  []
after flow2
Next History time: 2024-07-03 10:20
Next History time: 2024-07-03 10:20
High fiving at: 2024-07-03 10:20
variables::::: [None, None, None, None]
var of variable: None
var of variable: None
var of variable: None
var of variable: None
entered_options:  []
after flow3
Next History time: 2024-07-03 10:25
Next History time: 2024-07-03 10:25
High fiving at: 2024-07-03 10:25
flow_five Welcome to high five flow
flow_five_six -- stage_two
flow_five_six -- stage_two
variables::::: [None, None, None, None]
var of variable: None
var of variable: None
var of variable: None
var of variable: None
entered_options:  []
after flow4
Next History time: 2024-07-03 10:35
Next History time: 2024-07-03 10:35
High fiving at: 2024-07-03 10:30
variables::::: [None, None, None, None]
var of variable: None
var of variable: None
var of variable: None
var of variable: None
entered_options:  []
after flow5
Next History time: 2024-07-03 10:35
Next History time: 2024-07-03 10:35
High fiving at: 2024-07-03 10:35
variables::::: [None, None, None, None]
var of variable: None
var of variable: None
var of variable: None
var of variable: None
entered_options:  []
after flow6
Next History time: 2024-07-03 10:40
Next History time: 2024-07-03 10:40
High fiving at: 2024-07-03 10:40
variables::::: [None, None, None, None]
var of variable: None
var of variable: None
var of variable: None
var of variable: None
entered_options:  []
after flow7
Next History time: 2024-07-03 10:45
Next History time: 2024-07-03 10:45
High fiving at: 2024-07-03 10:45
variables::::: [None, None, None, None]
var of variable: None
var of variable: None
var of variable: None
var of variable: None
entered_options:  []
after flow8
Next History time: 2024-07-03 10:50
Next History time: 2024-07-03 10:50
High fiving at: 2024-07-03 10:50
variables::::: [None, None, None, None]
var of variable: None
var of variable: None
var of variable: None
var of variable: None
entered_options:  []
after flow9
Next History time: 2024-07-03 10:55
Next History time: 2024-07-03 10:55
High fiving at: 2024-07-03 10:55
variables::::: [None, None, None, None]
var of variable: None
var of variable: None
var of variable: None
var of variable: None
entered_options:  []
after flow10
Next History time: 2024-07-03 11:0
Next History time: 2024-07-03 11:0
High fiving at: 2024-07-03 11:00
variables::::: [None, None, None, None]
var of variable: None
var of variable: None
var of variable: None
var of variable: None
entered_options:  []
after flow11
Next History time: 2024-07-03 11:5
Next History time: 2024-07-03 11:5
High fiving at: 2024-07-03 11:05
variables::::: [None, None, None, None]
var of variable: None
var of variable: None
var of variable: None
var of variable: None
entered_options:  []
after flow12
Next History time: 2024-07-03 11:10
Next History time: 2024-07-03 11:10
High fiving at: 2024-07-03 11:10
variables::::: [None, None, None, None]
var of variable: None
var of variable: None
var of variable: None
var of variable: None
entered_options:  []
after flow13
Next History time: 2024-07-03 11:15
Next History time: 2024-07-03 11:15
High fiving at: 2024-07-03 11:15
variables::::: [None, None, None, None]
var of variable: None
var of variable: None
var of variable: None
var of variable: None
entered_options:  []
after flow14
Next History time: 2024-07-03 11:20
Next History time: 2024-07-03 11:20
High fiving at: 2024-07-03 11:20
variables::::: [None, None, None, None]
var of variable: None
var of variable: None
var of variable: None
var of variable: None
entered_options:  []
after flow15
Next History time: 2024-07-03 11:25
Next History time: 2024-07-03 11:25
Not got candles. And the error is: HTTPSConnectionPool(host='apiconnect.angelbroking.com', port=443): Max retries exceeded with url: /rest/secure/angelbroking/historical/v1/getCandleData (Caused by ConnectTimeoutError(<urllib3.connection.HTTPSConnection object at 0x7f83eac03250>, 'Connection to apiconnect.angelbroking.com timed out. (connect timeout=7)'))
High fiving at: 2024-07-03 11:25
variables::::: [None, None, None, None]
var of variable: None
var of variable: None
var of variable: None
var of variable: None
entered_options:  []
after flow16
Next History time: 2024-07-03 11:30
Next History time: 2024-07-03 11:30
High fiving at: 2024-07-03 11:30
variables::::: [None, None, None, None]
var of variable: None
var of variable: None
var of variable: None
var of variable: None
entered_options:  []
after flow17
Next History time: 2024-07-03 11:35
Next History time: 2024-07-03 11:35
High fiving at: 2024-07-03 11:35
variables::::: [None, None, None, None]
var of variable: None
var of variable: None
var of variable: None
var of variable: None
entered_options:  []
after flow18
Next History time: 2024-07-03 11:40
Next History time: 2024-07-03 11:40
High fiving at: 2024-07-03 11:40
variables::::: [None, None, None, None]
var of variable: None
var of variable: None
var of variable: None
var of variable: None
entered_options:  []
after flow19
Next History time: 2024-07-03 11:45
Next History time: 2024-07-03 11:45
High fiving at: 2024-07-03 11:45
variables::::: [None, {'token': '53794', 'price': 113.25, 'symbol': 'BANKNIFTY31JUL2453800CE', 'shareprice': 7.55}, None, None]
var of variable: None
var of variable: {'token': '53794', 'price': 113.25, 'symbol': 'BANKNIFTY31JUL2453800CE', 'shareprice': 7.55}
option_order_response:: None
var of variable: None
var of variable: None
entered_options:  [{'id': 74, 'symbol': 'BANKNIFTY31JUL2453800CE', 'bought_at': 15, 'sell_index': None, 'lot_price': 15, 'nse_index': '53099.3', 'orderid': '240703100631177', 'status': 'Entered', 'token': '53794', 'type': 'BUY', 'sell_orderid': None}]
Power nap++++++++++++++++++++++++++++++++++++++++++++++++++++++++++++++++++++
High fiving at: 2024-07-03 11:45
variables::::: [None, {'token': '53796', 'price': 61.49999999999999, 'symbol': 'BANKNIFTY31JUL2454000CE', 'shareprice': 4.1}, None, None]
var of variable: None
var of variable: {'token': '53796', 'price': 61.49999999999999, 'symbol': 'BANKNIFTY31JUL2454000CE', 'shareprice': 4.1}
option_order_response:: None
var of variable: None
var of variable: None
entered_options:  [{'id': 74, 'symbol': 'BANKNIFTY31JUL2453800CE', 'bought_at': 15, 'sell_index': None, 'lot_price': 15, 'nse_index': '53099.3', 'orderid': '240703100631177', 'status': 'Entered', 'token': '53794', 'type': 'BUY', 'sell_orderid': None}, {'id': 75, 'symbol': 'BANKNIFTY31JUL2454000CE', 'bought_at': 15, 'sell_index': None, 'lot_price': 15, 'nse_index': '53099.3', 'orderid': '240703100631932', 'status': 'Entered', 'token': '53796', 'type': 'BUY', 'sell_orderid': None}]
An error occurred: fast_looping() takes 2 positional arguments but 3 were given
Attempting to reconnect...
Traceback (most recent call last):
  File "/var/www/html/market/example/Transactions.py", line 36, in <module>
    dates = stream_into_flow(obj,data)
  File "/var/www/html/market/example/lib.py", line 679, in stream_into_flow
    fast_looping(connection_obj, entered_options, Historion['current_closing'])
TypeError: fast_looping() takes 2 positional arguments but 3 were given

During handling of the above exception, another exception occurred:

Traceback (most recent call last):
  File "/var/www/html/market/example/Transactions.py", line 42, in <module>
    dates = stream_into_flow(obj, data)
  File "/var/www/html/market/example/lib.py", line 679, in stream_into_flow
    fast_looping(connection_obj, entered_options, Historion['current_closing'])
TypeError: fast_looping() takes 2 positional arguments but 3 were given

During handling of the above exception, another exception occurred:

Traceback (most recent call last):
  File "/var/www/html/market/example/Transactions.py", line 53, in <module>
    send_email('Flow update', "Please check the flow.. Connection might interupted.")
  File "/var/www/html/market/example/lib.py", line 783, in send_email
    server.login(smtp_username, smtp_password)
  File "/usr/lib/python3.8/smtplib.py", line 743, in login
    raise last_exception
  File "/usr/lib/python3.8/smtplib.py", line 732, in login
    (code, resp) = self.auth(
  File "/usr/lib/python3.8/smtplib.py", line 655, in auth
    raise SMTPAuthenticationError(code, resp)
smtplib.SMTPAuthenticationError: (535, b'5.7.8 Username and Password not accepted. For more information, go to\n5.7.8  https://support.google.com/mail/?p=BadCredentials d2e1a72fcca58-70801e57aacsm9587658b3a.33 - gsmtp')
High fiving at: 2024-07-03 12:45
variables::::: [None, None, None, None]
var of variable: None
var of variable: None
var of variable: None
var of variable: None
entered_options:  [{'id': 74, 'symbol': 'BANKNIFTY31JUL2453800CE', 'bought_at': 15, 'sell_index': None, 'lot_price': 15, 'nse_index': '53099.3', 'orderid': '240703100631177', 'status': 'Entered', 'token': '53794', 'type': 'BUY', 'sell_orderid': None}, {'id': 75, 'symbol': 'BANKNIFTY31JUL2454000CE', 'bought_at': 15, 'sell_index': None, 'lot_price': 15, 'nse_index': '53099.3', 'orderid': '240703100631932', 'status': 'Entered', 'token': '53796', 'type': 'BUY', 'sell_orderid': None}]
Task executed at 2024-07-03 12:50:05
current ltp in fast loop:  53107.45
entered option in for: {'id': 74, 'symbol': 'BANKNIFTY31JUL2453800CE', 'bought_at': 15, 'sell_index': None, 'lot_price': 15, 'nse_index': '53099.3', 'orderid': '240703100631177', 'status': 'Entered', 'token': '53794', 'type': 'BUY', 'sell_orderid': None}
entered_option['symbol']: BANKNIFTY31JUL2453800CE
Sell index or ltp is None. sell_index: None, ltp: 53107.45
entered option in for: {'id': 75, 'symbol': 'BANKNIFTY31JUL2454000CE', 'bought_at': 15, 'sell_index': None, 'lot_price': 15, 'nse_index': '53099.3', 'orderid': '240703100631932', 'status': 'Entered', 'token': '53796', 'type': 'BUY', 'sell_orderid': None}
entered_option['symbol']: BANKNIFTY31JUL2454000CE
Sell index or ltp is None. sell_index: None, ltp: 53107.45
In fast loop..
Hi this is after loop thats you are cheking...
Exiting the loop and inserting record...
after flow1
Next History time: 2024-07-03 12:50
Next History time: 2024-07-03 12:50
High fiving at: 2024-07-03 12:50
variables::::: [None, None, None, None]
var of variable: None
var of variable: None
var of variable: None
var of variable: None
entered_options:  [{'id': 74, 'symbol': 'BANKNIFTY31JUL2453800CE', 'bought_at': 15, 'sell_index': None, 'lot_price': 15, 'nse_index': '53099.3', 'orderid': '240703100631177', 'status': 'Entered', 'token': '53794', 'type': 'BUY', 'sell_orderid': None}, {'id': 75, 'symbol': 'BANKNIFTY31JUL2454000CE', 'bought_at': 15, 'sell_index': None, 'lot_price': 15, 'nse_index': '53099.3', 'orderid': '240703100631932', 'status': 'Entered', 'token': '53796', 'type': 'BUY', 'sell_orderid': None}]
Task executed at 2024-07-03 12:55:10
current ltp in fast loop:  53112.85
entered option in for: {'id': 74, 'symbol': 'BANKNIFTY31JUL2453800CE', 'bought_at': 15, 'sell_index': None, 'lot_price': 15, 'nse_index': '53099.3', 'orderid': '240703100631177', 'status': 'Entered', 'token': '53794', 'type': 'BUY', 'sell_orderid': None}
entered_option['symbol']: BANKNIFTY31JUL2453800CE
Sell index or ltp is None. sell_index: None, ltp: 53112.85
entered option in for: {'id': 75, 'symbol': 'BANKNIFTY31JUL2454000CE', 'bought_at': 15, 'sell_index': None, 'lot_price': 15, 'nse_index': '53099.3', 'orderid': '240703100631932', 'status': 'Entered', 'token': '53796', 'type': 'BUY', 'sell_orderid': None}
entered_option['symbol']: BANKNIFTY31JUL2454000CE
Sell index or ltp is None. sell_index: None, ltp: 53112.85
In fast loop..
Hi this is after loop thats you are cheking...
Exiting the loop and inserting record...
after flow2
Next History time: 2024-07-03 12:55
Next History time: 2024-07-03 12:55
High fiving at: 2024-07-03 12:55
variables::::: [None, None, None, None]
var of variable: None
var of variable: None
var of variable: None
var of variable: None
entered_options:  [{'id': 74, 'symbol': 'BANKNIFTY31JUL2453800CE', 'bought_at': 15, 'sell_index': None, 'lot_price': 15, 'nse_index': '53099.3', 'orderid': '240703100631177', 'status': 'Entered', 'token': '53794', 'type': 'BUY', 'sell_orderid': None}, {'id': 75, 'symbol': 'BANKNIFTY31JUL2454000CE', 'bought_at': 15, 'sell_index': None, 'lot_price': 15, 'nse_index': '53099.3', 'orderid': '240703100631932', 'status': 'Entered', 'token': '53796', 'type': 'BUY', 'sell_orderid': None}]
Task executed at 2024-07-03 13:00:15
current ltp in fast loop:  53100.4
entered option in for: {'id': 74, 'symbol': 'BANKNIFTY31JUL2453800CE', 'bought_at': 15, 'sell_index': None, 'lot_price': 15, 'nse_index': '53099.3', 'orderid': '240703100631177', 'status': 'Entered', 'token': '53794', 'type': 'BUY', 'sell_orderid': None}
entered_option['symbol']: BANKNIFTY31JUL2453800CE
Sell index or ltp is None. sell_index: None, ltp: 53100.4
entered option in for: {'id': 75, 'symbol': 'BANKNIFTY31JUL2454000CE', 'bought_at': 15, 'sell_index': None, 'lot_price': 15, 'nse_index': '53099.3', 'orderid': '240703100631932', 'status': 'Entered', 'token': '53796', 'type': 'BUY', 'sell_orderid': None}
entered_option['symbol']: BANKNIFTY31JUL2454000CE
Sell index or ltp is None. sell_index: None, ltp: 53100.4
In fast loop..
Hi this is after loop thats you are cheking...
Exiting the loop and inserting record...
after flow3
Next History time: 2024-07-03 13:0
Next History time: 2024-07-03 13:0
High fiving at: 2024-07-03 13:00
variables::::: [None, None, None, None]
var of variable: None
var of variable: None
var of variable: None
var of variable: None
entered_options:  [{'id': 74, 'symbol': 'BANKNIFTY31JUL2453800CE', 'bought_at': 15, 'sell_index': None, 'lot_price': 15, 'nse_index': '53099.3', 'orderid': '240703100631177', 'status': 'Entered', 'token': '53794', 'type': 'BUY', 'sell_orderid': None}, {'id': 75, 'symbol': 'BANKNIFTY31JUL2454000CE', 'bought_at': 15, 'sell_index': None, 'lot_price': 15, 'nse_index': '53099.3', 'orderid': '240703100631932', 'status': 'Entered', 'token': '53796', 'type': 'BUY', 'sell_orderid': None}]
Task executed at 2024-07-03 13:05:20
current ltp in fast loop:  53098.5
entered option in for: {'id': 74, 'symbol': 'BANKNIFTY31JUL2453800CE', 'bought_at': 15, 'sell_index': None, 'lot_price': 15, 'nse_index': '53099.3', 'orderid': '240703100631177', 'status': 'Entered', 'token': '53794', 'type': 'BUY', 'sell_orderid': None}
entered_option['symbol']: BANKNIFTY31JUL2453800CE
Sell index or ltp is None. sell_index: None, ltp: 53098.5
entered option in for: {'id': 75, 'symbol': 'BANKNIFTY31JUL2454000CE', 'bought_at': 15, 'sell_index': None, 'lot_price': 15, 'nse_index': '53099.3', 'orderid': '240703100631932', 'status': 'Entered', 'token': '53796', 'type': 'BUY', 'sell_orderid': None}
entered_option['symbol']: BANKNIFTY31JUL2454000CE
Sell index or ltp is None. sell_index: None, ltp: 53098.5
In fast loop..
Hi this is after loop thats you are cheking...
Exiting the loop and inserting record...
after flow4
Next History time: 2024-07-03 13:5
Next History time: 2024-07-03 13:5
High fiving at: 2024-07-03 13:05
variables::::: [None, None, None, None]
var of variable: None
var of variable: None
var of variable: None
var of variable: None
entered_options:  [{'id': 74, 'symbol': 'BANKNIFTY31JUL2453800CE', 'bought_at': 15, 'sell_index': None, 'lot_price': 15, 'nse_index': '53099.3', 'orderid': '240703100631177', 'status': 'Entered', 'token': '53794', 'type': 'BUY', 'sell_orderid': None}, {'id': 75, 'symbol': 'BANKNIFTY31JUL2454000CE', 'bought_at': 15, 'sell_index': None, 'lot_price': 15, 'nse_index': '53099.3', 'orderid': '240703100631932', 'status': 'Entered', 'token': '53796', 'type': 'BUY', 'sell_orderid': None}]
Task executed at 2024-07-03 13:10:25
current ltp in fast loop:  53069.3
entered option in for: {'id': 74, 'symbol': 'BANKNIFTY31JUL2453800CE', 'bought_at': 15, 'sell_index': None, 'lot_price': 15, 'nse_index': '53099.3', 'orderid': '240703100631177', 'status': 'Entered', 'token': '53794', 'type': 'BUY', 'sell_orderid': None}
entered_option['symbol']: BANKNIFTY31JUL2453800CE
Sell index or ltp is None. sell_index: None, ltp: 53069.3
entered option in for: {'id': 75, 'symbol': 'BANKNIFTY31JUL2454000CE', 'bought_at': 15, 'sell_index': None, 'lot_price': 15, 'nse_index': '53099.3', 'orderid': '240703100631932', 'status': 'Entered', 'token': '53796', 'type': 'BUY', 'sell_orderid': None}
entered_option['symbol']: BANKNIFTY31JUL2454000CE
Sell index or ltp is None. sell_index: None, ltp: 53069.3
In fast loop..
Hi this is after loop thats you are cheking...
Exiting the loop and inserting record...
after flow5
Next History time: 2024-07-03 13:10
Next History time: 2024-07-03 13:10
High fiving at: 2024-07-03 13:10
variables::::: [None, None, None, None]
var of variable: None
var of variable: None
var of variable: None
var of variable: None
entered_options:  [{'id': 74, 'symbol': 'BANKNIFTY31JUL2453800CE', 'bought_at': 15, 'sell_index': None, 'lot_price': 15, 'nse_index': '53099.3', 'orderid': '240703100631177', 'status': 'Entered', 'token': '53794', 'type': 'BUY', 'sell_orderid': None}, {'id': 75, 'symbol': 'BANKNIFTY31JUL2454000CE', 'bought_at': 15, 'sell_index': None, 'lot_price': 15, 'nse_index': '53099.3', 'orderid': '240703100631932', 'status': 'Entered', 'token': '53796', 'type': 'BUY', 'sell_orderid': None}]
Task executed at 2024-07-03 13:15:30
current ltp in fast loop:  53082.85
entered option in for: {'id': 74, 'symbol': 'BANKNIFTY31JUL2453800CE', 'bought_at': 15, 'sell_index': None, 'lot_price': 15, 'nse_index': '53099.3', 'orderid': '240703100631177', 'status': 'Entered', 'token': '53794', 'type': 'BUY', 'sell_orderid': None}
entered_option['symbol']: BANKNIFTY31JUL2453800CE
Sell index or ltp is None. sell_index: None, ltp: 53082.85
entered option in for: {'id': 75, 'symbol': 'BANKNIFTY31JUL2454000CE', 'bought_at': 15, 'sell_index': None, 'lot_price': 15, 'nse_index': '53099.3', 'orderid': '240703100631932', 'status': 'Entered', 'token': '53796', 'type': 'BUY', 'sell_orderid': None}
entered_option['symbol']: BANKNIFTY31JUL2454000CE
Sell index or ltp is None. sell_index: None, ltp: 53082.85
In fast loop..
Hi this is after loop thats you are cheking...
Exiting the loop and inserting record...
after flow6
Next History time: 2024-07-03 13:15
Next History time: 2024-07-03 13:15
High fiving at: 2024-07-03 13:15
variables::::: [None, None, None, None]
var of variable: None
var of variable: None
var of variable: None
var of variable: None
entered_options:  [{'id': 74, 'symbol': 'BANKNIFTY31JUL2453800CE', 'bought_at': 15, 'sell_index': None, 'lot_price': 15, 'nse_index': '53099.3', 'orderid': '240703100631177', 'status': 'Entered', 'token': '53794', 'type': 'BUY', 'sell_orderid': None}, {'id': 75, 'symbol': 'BANKNIFTY31JUL2454000CE', 'bought_at': 15, 'sell_index': None, 'lot_price': 15, 'nse_index': '53099.3', 'orderid': '240703100631932', 'status': 'Entered', 'token': '53796', 'type': 'BUY', 'sell_orderid': None}]
Task executed at 2024-07-03 13:20:35
current ltp in fast loop:  53108.55
entered option in for: {'id': 74, 'symbol': 'BANKNIFTY31JUL2453800CE', 'bought_at': 15, 'sell_index': None, 'lot_price': 15, 'nse_index': '53099.3', 'orderid': '240703100631177', 'status': 'Entered', 'token': '53794', 'type': 'BUY', 'sell_orderid': None}
entered_option['symbol']: BANKNIFTY31JUL2453800CE
Sell index or ltp is None. sell_index: None, ltp: 53108.55
entered option in for: {'id': 75, 'symbol': 'BANKNIFTY31JUL2454000CE', 'bought_at': 15, 'sell_index': None, 'lot_price': 15, 'nse_index': '53099.3', 'orderid': '240703100631932', 'status': 'Entered', 'token': '53796', 'type': 'BUY', 'sell_orderid': None}
entered_option['symbol']: BANKNIFTY31JUL2454000CE
Sell index or ltp is None. sell_index: None, ltp: 53108.55
In fast loop..
Hi this is after loop thats you are cheking...
Exiting the loop and inserting record...
after flow7
Next History time: 2024-07-03 13:20
Next History time: 2024-07-03 13:20
High fiving at: 2024-07-03 13:20
variables::::: [None, None, None, None]
var of variable: None
var of variable: None
var of variable: None
var of variable: None
entered_options:  [{'id': 74, 'symbol': 'BANKNIFTY31JUL2453800CE', 'bought_at': 15, 'sell_index': None, 'lot_price': 15, 'nse_index': '53099.3', 'orderid': '240703100631177', 'status': 'Entered', 'token': '53794', 'type': 'BUY', 'sell_orderid': None}, {'id': 75, 'symbol': 'BANKNIFTY31JUL2454000CE', 'bought_at': 15, 'sell_index': None, 'lot_price': 15, 'nse_index': '53099.3', 'orderid': '240703100631932', 'status': 'Entered', 'token': '53796', 'type': 'BUY', 'sell_orderid': None}]
Task executed at 2024-07-03 13:25:40
current ltp in fast loop:  53102.15
entered option in for: {'id': 74, 'symbol': 'BANKNIFTY31JUL2453800CE', 'bought_at': 15, 'sell_index': None, 'lot_price': 15, 'nse_index': '53099.3', 'orderid': '240703100631177', 'status': 'Entered', 'token': '53794', 'type': 'BUY', 'sell_orderid': None}
entered_option['symbol']: BANKNIFTY31JUL2453800CE
Sell index or ltp is None. sell_index: None, ltp: 53102.15
entered option in for: {'id': 75, 'symbol': 'BANKNIFTY31JUL2454000CE', 'bought_at': 15, 'sell_index': None, 'lot_price': 15, 'nse_index': '53099.3', 'orderid': '240703100631932', 'status': 'Entered', 'token': '53796', 'type': 'BUY', 'sell_orderid': None}
entered_option['symbol']: BANKNIFTY31JUL2454000CE
Sell index or ltp is None. sell_index: None, ltp: 53102.15
In fast loop..
Hi this is after loop thats you are cheking...
Exiting the loop and inserting record...
after flow8
Next History time: 2024-07-03 13:25
Next History time: 2024-07-03 13:25
High fiving at: 2024-07-03 13:25
variables::::: [None, None, None, None]
var of variable: None
var of variable: None
var of variable: None
var of variable: None
entered_options:  [{'id': 74, 'symbol': 'BANKNIFTY31JUL2453800CE', 'bought_at': 15, 'sell_index': None, 'lot_price': 15, 'nse_index': '53099.3', 'orderid': '240703100631177', 'status': 'Entered', 'token': '53794', 'type': 'BUY', 'sell_orderid': None}, {'id': 75, 'symbol': 'BANKNIFTY31JUL2454000CE', 'bought_at': 15, 'sell_index': None, 'lot_price': 15, 'nse_index': '53099.3', 'orderid': '240703100631932', 'status': 'Entered', 'token': '53796', 'type': 'BUY', 'sell_orderid': None}]
Task executed at 2024-07-03 13:30:45
current ltp in fast loop:  53127.1
entered option in for: {'id': 74, 'symbol': 'BANKNIFTY31JUL2453800CE', 'bought_at': 15, 'sell_index': None, 'lot_price': 15, 'nse_index': '53099.3', 'orderid': '240703100631177', 'status': 'Entered', 'token': '53794', 'type': 'BUY', 'sell_orderid': None}
entered_option['symbol']: BANKNIFTY31JUL2453800CE
Sell index or ltp is None. sell_index: None, ltp: 53127.1
entered option in for: {'id': 75, 'symbol': 'BANKNIFTY31JUL2454000CE', 'bought_at': 15, 'sell_index': None, 'lot_price': 15, 'nse_index': '53099.3', 'orderid': '240703100631932', 'status': 'Entered', 'token': '53796', 'type': 'BUY', 'sell_orderid': None}
entered_option['symbol']: BANKNIFTY31JUL2454000CE
Sell index or ltp is None. sell_index: None, ltp: 53127.1
In fast loop..
Hi this is after loop thats you are cheking...
Exiting the loop and inserting record...
after flow9
Next History time: 2024-07-03 13:30
Next History time: 2024-07-03 13:30
Not got candles. And the error is: HTTPSConnectionPool(host='apiconnect.angelbroking.com', port=443): Max retries exceeded with url: /rest/secure/angelbroking/historical/v1/getCandleData (Caused by NameResolutionError("<urllib3.connection.HTTPSConnection object at 0x7fb9c1482c70>: Failed to resolve 'apiconnect.angelbroking.com' ([Errno -3] Temporary failure in name resolution)"))
Power nap++++++++++++++++++++++++++++++++++++++++++++++++++++++++++++++++++++
Not got candles. And the error is: HTTPSConnectionPool(host='apiconnect.angelbroking.com', port=443): Max retries exceeded with url: /rest/secure/angelbroking/historical/v1/getCandleData (Caused by NameResolutionError("<urllib3.connection.HTTPSConnection object at 0x7fb9b3699e50>: Failed to resolve 'apiconnect.angelbroking.com' ([Errno -3] Temporary failure in name resolution)"))
An error occurred: HTTPSConnectionPool(host='apiconnect.angelbroking.com', port=443): Max retries exceeded with url: /rest/secure/angelbroking/historical/v1/getCandleData (Caused by NameResolutionError("<urllib3.connection.HTTPSConnection object at 0x7fb9b364b8e0>: Failed to resolve 'apiconnect.angelbroking.com' ([Errno -3] Temporary failure in name resolution)"))
Attempting to reconnect...
Traceback (most recent call last):
  File "/var/www/html/market/venv/lib/python3.8/site-packages/urllib3/connection.py", line 198, in _new_conn
    sock = connection.create_connection(
  File "/var/www/html/market/venv/lib/python3.8/site-packages/urllib3/util/connection.py", line 60, in create_connection
    for res in socket.getaddrinfo(host, port, family, socket.SOCK_STREAM):
  File "/usr/lib/python3.8/socket.py", line 918, in getaddrinfo
    for res in _socket.getaddrinfo(host, port, family, type, proto, flags):
socket.gaierror: [Errno -3] Temporary failure in name resolution

The above exception was the direct cause of the following exception:

Traceback (most recent call last):
  File "/var/www/html/market/venv/lib/python3.8/site-packages/urllib3/connectionpool.py", line 793, in urlopen
    response = self._make_request(
  File "/var/www/html/market/venv/lib/python3.8/site-packages/urllib3/connectionpool.py", line 491, in _make_request
    raise new_e
  File "/var/www/html/market/venv/lib/python3.8/site-packages/urllib3/connectionpool.py", line 467, in _make_request
    self._validate_conn(conn)
  File "/var/www/html/market/venv/lib/python3.8/site-packages/urllib3/connectionpool.py", line 1099, in _validate_conn
    conn.connect()
  File "/var/www/html/market/venv/lib/python3.8/site-packages/urllib3/connection.py", line 616, in connect
    self.sock = sock = self._new_conn()
  File "/var/www/html/market/venv/lib/python3.8/site-packages/urllib3/connection.py", line 205, in _new_conn
    raise NameResolutionError(self.host, self, e) from e
urllib3.exceptions.NameResolutionError: <urllib3.connection.HTTPSConnection object at 0x7fb9c1482c70>: Failed to resolve 'apiconnect.angelbroking.com' ([Errno -3] Temporary failure in name resolution)

The above exception was the direct cause of the following exception:

Traceback (most recent call last):
  File "/var/www/html/market/venv/lib/python3.8/site-packages/requests/adapters.py", line 486, in send
    resp = conn.urlopen(
  File "/var/www/html/market/venv/lib/python3.8/site-packages/urllib3/connectionpool.py", line 847, in urlopen
    retries = retries.increment(
  File "/var/www/html/market/venv/lib/python3.8/site-packages/urllib3/util/retry.py", line 515, in increment
    raise MaxRetryError(_pool, url, reason) from reason  # type: ignore[arg-type]
urllib3.exceptions.MaxRetryError: HTTPSConnectionPool(host='apiconnect.angelbroking.com', port=443): Max retries exceeded with url: /rest/secure/angelbroking/historical/v1/getCandleData (Caused by NameResolutionError("<urllib3.connection.HTTPSConnection object at 0x7fb9c1482c70>: Failed to resolve 'apiconnect.angelbroking.com' ([Errno -3] Temporary failure in name resolution)"))

During handling of the above exception, another exception occurred:

Traceback (most recent call last):
  File "/var/www/html/market/example/lib.py", line 641, in stream_into_flow
    history = connection_obj.getCandleData(live_history_params)
  File "/var/www/html/market/SmartApi/smartConnect.py", line 462, in getCandleData
    getCandleDataResponse=self._postRequest("api.candle.data",historicDataParams)
  File "/var/www/html/market/SmartApi/smartConnect.py", line 260, in _postRequest
    return self._request(route, "POST", params)
  File "/var/www/html/market/SmartApi/smartConnect.py", line 219, in _request
    raise e
  File "/var/www/html/market/SmartApi/smartConnect.py", line 207, in _request
    r = requests.request(method,
  File "/var/www/html/market/venv/lib/python3.8/site-packages/requests/api.py", line 59, in request
    return session.request(method=method, url=url, **kwargs)
  File "/var/www/html/market/venv/lib/python3.8/site-packages/requests/sessions.py", line 589, in request
    resp = self.send(prep, **send_kwargs)
  File "/var/www/html/market/venv/lib/python3.8/site-packages/requests/sessions.py", line 703, in send
    r = adapter.send(request, **kwargs)
  File "/var/www/html/market/venv/lib/python3.8/site-packages/requests/adapters.py", line 519, in send
    raise ConnectionError(e, request=request)
requests.exceptions.ConnectionError: HTTPSConnectionPool(host='apiconnect.angelbroking.com', port=443): Max retries exceeded with url: /rest/secure/angelbroking/historical/v1/getCandleData (Caused by NameResolutionError("<urllib3.connection.HTTPSConnection object at 0x7fb9c1482c70>: Failed to resolve 'apiconnect.angelbroking.com' ([Errno -3] Temporary failure in name resolution)"))

During handling of the above exception, another exception occurred:

Traceback (most recent call last):
  File "/var/www/html/market/venv/lib/python3.8/site-packages/urllib3/connection.py", line 198, in _new_conn
    sock = connection.create_connection(
  File "/var/www/html/market/venv/lib/python3.8/site-packages/urllib3/util/connection.py", line 60, in create_connection
    for res in socket.getaddrinfo(host, port, family, socket.SOCK_STREAM):
  File "/usr/lib/python3.8/socket.py", line 918, in getaddrinfo
    for res in _socket.getaddrinfo(host, port, family, type, proto, flags):
socket.gaierror: [Errno -3] Temporary failure in name resolution

The above exception was the direct cause of the following exception:

Traceback (most recent call last):
  File "/var/www/html/market/venv/lib/python3.8/site-packages/urllib3/connectionpool.py", line 793, in urlopen
    response = self._make_request(
  File "/var/www/html/market/venv/lib/python3.8/site-packages/urllib3/connectionpool.py", line 491, in _make_request
    raise new_e
  File "/var/www/html/market/venv/lib/python3.8/site-packages/urllib3/connectionpool.py", line 467, in _make_request
    self._validate_conn(conn)
  File "/var/www/html/market/venv/lib/python3.8/site-packages/urllib3/connectionpool.py", line 1099, in _validate_conn
    conn.connect()
  File "/var/www/html/market/venv/lib/python3.8/site-packages/urllib3/connection.py", line 616, in connect
    self.sock = sock = self._new_conn()
  File "/var/www/html/market/venv/lib/python3.8/site-packages/urllib3/connection.py", line 205, in _new_conn
    raise NameResolutionError(self.host, self, e) from e
urllib3.exceptions.NameResolutionError: <urllib3.connection.HTTPSConnection object at 0x7fb9b36997f0>: Failed to resolve 'apiconnect.angelbroking.com' ([Errno -3] Temporary failure in name resolution)

The above exception was the direct cause of the following exception:

Traceback (most recent call last):
  File "/var/www/html/market/venv/lib/python3.8/site-packages/requests/adapters.py", line 486, in send
    resp = conn.urlopen(
  File "/var/www/html/market/venv/lib/python3.8/site-packages/urllib3/connectionpool.py", line 847, in urlopen
    retries = retries.increment(
  File "/var/www/html/market/venv/lib/python3.8/site-packages/urllib3/util/retry.py", line 515, in increment
    raise MaxRetryError(_pool, url, reason) from reason  # type: ignore[arg-type]
urllib3.exceptions.MaxRetryError: HTTPSConnectionPool(host='apiconnect.angelbroking.com', port=443): Max retries exceeded with url: /rest/secure/angelbroking/historical/v1/getCandleData (Caused by NameResolutionError("<urllib3.connection.HTTPSConnection object at 0x7fb9b36997f0>: Failed to resolve 'apiconnect.angelbroking.com' ([Errno -3] Temporary failure in name resolution)"))

During handling of the above exception, another exception occurred:

Traceback (most recent call last):
  File "/var/www/html/market/example/Transactions.py", line 36, in <module>
    dates = stream_into_flow(obj,data)
  File "/var/www/html/market/example/lib.py", line 646, in stream_into_flow
    history = connection_obj.getCandleData(live_history_params)
  File "/var/www/html/market/SmartApi/smartConnect.py", line 462, in getCandleData
    getCandleDataResponse=self._postRequest("api.candle.data",historicDataParams)
  File "/var/www/html/market/SmartApi/smartConnect.py", line 260, in _postRequest
    return self._request(route, "POST", params)
  File "/var/www/html/market/SmartApi/smartConnect.py", line 219, in _request
    raise e
  File "/var/www/html/market/SmartApi/smartConnect.py", line 207, in _request
    r = requests.request(method,
  File "/var/www/html/market/venv/lib/python3.8/site-packages/requests/api.py", line 59, in request
    return session.request(method=method, url=url, **kwargs)
  File "/var/www/html/market/venv/lib/python3.8/site-packages/requests/sessions.py", line 589, in request
    resp = self.send(prep, **send_kwargs)
  File "/var/www/html/market/venv/lib/python3.8/site-packages/requests/sessions.py", line 703, in send
    r = adapter.send(request, **kwargs)
  File "/var/www/html/market/venv/lib/python3.8/site-packages/requests/adapters.py", line 519, in send
    raise ConnectionError(e, request=request)
requests.exceptions.ConnectionError: HTTPSConnectionPool(host='apiconnect.angelbroking.com', port=443): Max retries exceeded with url: /rest/secure/angelbroking/historical/v1/getCandleData (Caused by NameResolutionError("<urllib3.connection.HTTPSConnection object at 0x7fb9b36997f0>: Failed to resolve 'apiconnect.angelbroking.com' ([Errno -3] Temporary failure in name resolution)"))

During handling of the above exception, another exception occurred:

Traceback (most recent call last):
  File "/var/www/html/market/venv/lib/python3.8/site-packages/urllib3/connection.py", line 198, in _new_conn
    sock = connection.create_connection(
  File "/var/www/html/market/venv/lib/python3.8/site-packages/urllib3/util/connection.py", line 60, in create_connection
    for res in socket.getaddrinfo(host, port, family, socket.SOCK_STREAM):
  File "/usr/lib/python3.8/socket.py", line 918, in getaddrinfo
    for res in _socket.getaddrinfo(host, port, family, type, proto, flags):
socket.gaierror: [Errno -3] Temporary failure in name resolution

The above exception was the direct cause of the following exception:

Traceback (most recent call last):
  File "/var/www/html/market/venv/lib/python3.8/site-packages/urllib3/connectionpool.py", line 793, in urlopen
    response = self._make_request(
  File "/var/www/html/market/venv/lib/python3.8/site-packages/urllib3/connectionpool.py", line 491, in _make_request
    raise new_e
  File "/var/www/html/market/venv/lib/python3.8/site-packages/urllib3/connectionpool.py", line 467, in _make_request
    self._validate_conn(conn)
  File "/var/www/html/market/venv/lib/python3.8/site-packages/urllib3/connectionpool.py", line 1099, in _validate_conn
    conn.connect()
  File "/var/www/html/market/venv/lib/python3.8/site-packages/urllib3/connection.py", line 616, in connect
    self.sock = sock = self._new_conn()
  File "/var/www/html/market/venv/lib/python3.8/site-packages/urllib3/connection.py", line 205, in _new_conn
    raise NameResolutionError(self.host, self, e) from e
urllib3.exceptions.NameResolutionError: <urllib3.connection.HTTPSConnection object at 0x7fb9b3699e50>: Failed to resolve 'apiconnect.angelbroking.com' ([Errno -3] Temporary failure in name resolution)

The above exception was the direct cause of the following exception:

Traceback (most recent call last):
  File "/var/www/html/market/venv/lib/python3.8/site-packages/requests/adapters.py", line 486, in send
    resp = conn.urlopen(
  File "/var/www/html/market/venv/lib/python3.8/site-packages/urllib3/connectionpool.py", line 847, in urlopen
    retries = retries.increment(
  File "/var/www/html/market/venv/lib/python3.8/site-packages/urllib3/util/retry.py", line 515, in increment
    raise MaxRetryError(_pool, url, reason) from reason  # type: ignore[arg-type]
urllib3.exceptions.MaxRetryError: HTTPSConnectionPool(host='apiconnect.angelbroking.com', port=443): Max retries exceeded with url: /rest/secure/angelbroking/historical/v1/getCandleData (Caused by NameResolutionError("<urllib3.connection.HTTPSConnection object at 0x7fb9b3699e50>: Failed to resolve 'apiconnect.angelbroking.com' ([Errno -3] Temporary failure in name resolution)"))

During handling of the above exception, another exception occurred:

Traceback (most recent call last):
  File "/var/www/html/market/example/lib.py", line 641, in stream_into_flow
    history = connection_obj.getCandleData(live_history_params)
  File "/var/www/html/market/SmartApi/smartConnect.py", line 462, in getCandleData
    getCandleDataResponse=self._postRequest("api.candle.data",historicDataParams)
  File "/var/www/html/market/SmartApi/smartConnect.py", line 260, in _postRequest
    return self._request(route, "POST", params)
  File "/var/www/html/market/SmartApi/smartConnect.py", line 219, in _request
    raise e
  File "/var/www/html/market/SmartApi/smartConnect.py", line 207, in _request
    r = requests.request(method,
  File "/var/www/html/market/venv/lib/python3.8/site-packages/requests/api.py", line 59, in request
    return session.request(method=method, url=url, **kwargs)
  File "/var/www/html/market/venv/lib/python3.8/site-packages/requests/sessions.py", line 589, in request
    resp = self.send(prep, **send_kwargs)
  File "/var/www/html/market/venv/lib/python3.8/site-packages/requests/sessions.py", line 703, in send
    r = adapter.send(request, **kwargs)
  File "/var/www/html/market/venv/lib/python3.8/site-packages/requests/adapters.py", line 519, in send
    raise ConnectionError(e, request=request)
requests.exceptions.ConnectionError: HTTPSConnectionPool(host='apiconnect.angelbroking.com', port=443): Max retries exceeded with url: /rest/secure/angelbroking/historical/v1/getCandleData (Caused by NameResolutionError("<urllib3.connection.HTTPSConnection object at 0x7fb9b3699e50>: Failed to resolve 'apiconnect.angelbroking.com' ([Errno -3] Temporary failure in name resolution)"))

During handling of the above exception, another exception occurred:

Traceback (most recent call last):
  File "/var/www/html/market/venv/lib/python3.8/site-packages/urllib3/connection.py", line 198, in _new_conn
    sock = connection.create_connection(
  File "/var/www/html/market/venv/lib/python3.8/site-packages/urllib3/util/connection.py", line 60, in create_connection
    for res in socket.getaddrinfo(host, port, family, socket.SOCK_STREAM):
  File "/usr/lib/python3.8/socket.py", line 918, in getaddrinfo
    for res in _socket.getaddrinfo(host, port, family, type, proto, flags):
socket.gaierror: [Errno -3] Temporary failure in name resolution

The above exception was the direct cause of the following exception:

Traceback (most recent call last):
  File "/var/www/html/market/venv/lib/python3.8/site-packages/urllib3/connectionpool.py", line 793, in urlopen
    response = self._make_request(
  File "/var/www/html/market/venv/lib/python3.8/site-packages/urllib3/connectionpool.py", line 491, in _make_request
    raise new_e
  File "/var/www/html/market/venv/lib/python3.8/site-packages/urllib3/connectionpool.py", line 467, in _make_request
    self._validate_conn(conn)
  File "/var/www/html/market/venv/lib/python3.8/site-packages/urllib3/connectionpool.py", line 1099, in _validate_conn
    conn.connect()
  File "/var/www/html/market/venv/lib/python3.8/site-packages/urllib3/connection.py", line 616, in connect
    self.sock = sock = self._new_conn()
  File "/var/www/html/market/venv/lib/python3.8/site-packages/urllib3/connection.py", line 205, in _new_conn
    raise NameResolutionError(self.host, self, e) from e
urllib3.exceptions.NameResolutionError: <urllib3.connection.HTTPSConnection object at 0x7fb9b364b8e0>: Failed to resolve 'apiconnect.angelbroking.com' ([Errno -3] Temporary failure in name resolution)

The above exception was the direct cause of the following exception:

Traceback (most recent call last):
  File "/var/www/html/market/venv/lib/python3.8/site-packages/requests/adapters.py", line 486, in send
    resp = conn.urlopen(
  File "/var/www/html/market/venv/lib/python3.8/site-packages/urllib3/connectionpool.py", line 847, in urlopen
    retries = retries.increment(
  File "/var/www/html/market/venv/lib/python3.8/site-packages/urllib3/util/retry.py", line 515, in increment
    raise MaxRetryError(_pool, url, reason) from reason  # type: ignore[arg-type]
urllib3.exceptions.MaxRetryError: HTTPSConnectionPool(host='apiconnect.angelbroking.com', port=443): Max retries exceeded with url: /rest/secure/angelbroking/historical/v1/getCandleData (Caused by NameResolutionError("<urllib3.connection.HTTPSConnection object at 0x7fb9b364b8e0>: Failed to resolve 'apiconnect.angelbroking.com' ([Errno -3] Temporary failure in name resolution)"))

During handling of the above exception, another exception occurred:

Traceback (most recent call last):
  File "/var/www/html/market/example/Transactions.py", line 42, in <module>
    dates = stream_into_flow(obj, data)
  File "/var/www/html/market/example/lib.py", line 646, in stream_into_flow
    history = connection_obj.getCandleData(live_history_params)
  File "/var/www/html/market/SmartApi/smartConnect.py", line 462, in getCandleData
    getCandleDataResponse=self._postRequest("api.candle.data",historicDataParams)
  File "/var/www/html/market/SmartApi/smartConnect.py", line 260, in _postRequest
    return self._request(route, "POST", params)
  File "/var/www/html/market/SmartApi/smartConnect.py", line 219, in _request
    raise e
  File "/var/www/html/market/SmartApi/smartConnect.py", line 207, in _request
    r = requests.request(method,
  File "/var/www/html/market/venv/lib/python3.8/site-packages/requests/api.py", line 59, in request
    return session.request(method=method, url=url, **kwargs)
  File "/var/www/html/market/venv/lib/python3.8/site-packages/requests/sessions.py", line 589, in request
    resp = self.send(prep, **send_kwargs)
  File "/var/www/html/market/venv/lib/python3.8/site-packages/requests/sessions.py", line 703, in send
    r = adapter.send(request, **kwargs)
  File "/var/www/html/market/venv/lib/python3.8/site-packages/requests/adapters.py", line 519, in send
    raise ConnectionError(e, request=request)
requests.exceptions.ConnectionError: HTTPSConnectionPool(host='apiconnect.angelbroking.com', port=443): Max retries exceeded with url: /rest/secure/angelbroking/historical/v1/getCandleData (Caused by NameResolutionError("<urllib3.connection.HTTPSConnection object at 0x7fb9b364b8e0>: Failed to resolve 'apiconnect.angelbroking.com' ([Errno -3] Temporary failure in name resolution)"))

During handling of the above exception, another exception occurred:

Traceback (most recent call last):
  File "/var/www/html/market/venv/lib/python3.8/site-packages/urllib3/connection.py", line 198, in _new_conn
    sock = connection.create_connection(
  File "/var/www/html/market/venv/lib/python3.8/site-packages/urllib3/util/connection.py", line 60, in create_connection
    for res in socket.getaddrinfo(host, port, family, socket.SOCK_STREAM):
  File "/usr/lib/python3.8/socket.py", line 918, in getaddrinfo
    for res in _socket.getaddrinfo(host, port, family, type, proto, flags):
socket.gaierror: [Errno -3] Temporary failure in name resolution

The above exception was the direct cause of the following exception:

Traceback (most recent call last):
  File "/var/www/html/market/venv/lib/python3.8/site-packages/urllib3/connectionpool.py", line 793, in urlopen
    response = self._make_request(
  File "/var/www/html/market/venv/lib/python3.8/site-packages/urllib3/connectionpool.py", line 491, in _make_request
    raise new_e
  File "/var/www/html/market/venv/lib/python3.8/site-packages/urllib3/connectionpool.py", line 467, in _make_request
    self._validate_conn(conn)
  File "/var/www/html/market/venv/lib/python3.8/site-packages/urllib3/connectionpool.py", line 1099, in _validate_conn
    conn.connect()
  File "/var/www/html/market/venv/lib/python3.8/site-packages/urllib3/connection.py", line 616, in connect
    self.sock = sock = self._new_conn()
  File "/var/www/html/market/venv/lib/python3.8/site-packages/urllib3/connection.py", line 205, in _new_conn
    raise NameResolutionError(self.host, self, e) from e
urllib3.exceptions.NameResolutionError: <urllib3.connection.HTTPSConnection object at 0x7fb9b3654430>: Failed to resolve 'apiconnect.angelbroking.com' ([Errno -3] Temporary failure in name resolution)

The above exception was the direct cause of the following exception:

Traceback (most recent call last):
  File "/var/www/html/market/venv/lib/python3.8/site-packages/requests/adapters.py", line 486, in send
    resp = conn.urlopen(
  File "/var/www/html/market/venv/lib/python3.8/site-packages/urllib3/connectionpool.py", line 847, in urlopen
    retries = retries.increment(
  File "/var/www/html/market/venv/lib/python3.8/site-packages/urllib3/util/retry.py", line 515, in increment
    raise MaxRetryError(_pool, url, reason) from reason  # type: ignore[arg-type]
urllib3.exceptions.MaxRetryError: HTTPSConnectionPool(host='apiconnect.angelbroking.com', port=443): Max retries exceeded with url: /rest/auth/angelbroking/user/v1/loginByPassword (Caused by NameResolutionError("<urllib3.connection.HTTPSConnection object at 0x7fb9b3654430>: Failed to resolve 'apiconnect.angelbroking.com' ([Errno -3] Temporary failure in name resolution)"))

During handling of the above exception, another exception occurred:

Traceback (most recent call last):
  File "/var/www/html/market/example/Transactions.py", line 51, in <module>
    data = obj.generateSession('V280771', 4562, pyotp.TOTP(token).now())
  File "/var/www/html/market/SmartApi/smartConnect.py", line 268, in generateSession
    loginResultObject=self._postRequest("api.login",params)
  File "/var/www/html/market/SmartApi/smartConnect.py", line 260, in _postRequest
    return self._request(route, "POST", params)
  File "/var/www/html/market/SmartApi/smartConnect.py", line 219, in _request
    raise e
  File "/var/www/html/market/SmartApi/smartConnect.py", line 207, in _request
    r = requests.request(method,
  File "/var/www/html/market/venv/lib/python3.8/site-packages/requests/api.py", line 59, in request
    return session.request(method=method, url=url, **kwargs)
  File "/var/www/html/market/venv/lib/python3.8/site-packages/requests/sessions.py", line 589, in request
    resp = self.send(prep, **send_kwargs)
  File "/var/www/html/market/venv/lib/python3.8/site-packages/requests/sessions.py", line 703, in send
    r = adapter.send(request, **kwargs)
  File "/var/www/html/market/venv/lib/python3.8/site-packages/requests/adapters.py", line 519, in send
    raise ConnectionError(e, request=request)
requests.exceptions.ConnectionError: HTTPSConnectionPool(host='apiconnect.angelbroking.com', port=443): Max retries exceeded with url: /rest/auth/angelbroking/user/v1/loginByPassword (Caused by NameResolutionError("<urllib3.connection.HTTPSConnection object at 0x7fb9b3654430>: Failed to resolve 'apiconnect.angelbroking.com' ([Errno -3] Temporary failure in name resolution)"))
High fiving at: 2024-07-03 14:55
variables::::: [None, None, None, None]
var of variable: None
var of variable: None
var of variable: None
var of variable: None
entered_options:  [{'id': 74, 'symbol': 'BANKNIFTY31JUL2453800CE', 'bought_at': 15, 'sell_index': None, 'lot_price': 15, 'nse_index': '53099.3', 'orderid': '240703100631177', 'status': 'Entered', 'token': '53794', 'type': 'BUY', 'sell_orderid': None}, {'id': 75, 'symbol': 'BANKNIFTY31JUL2454000CE', 'bought_at': 15, 'sell_index': None, 'lot_price': 15, 'nse_index': '53099.3', 'orderid': '240703100631932', 'status': 'Entered', 'token': '53796', 'type': 'BUY', 'sell_orderid': None}]
Task executed at 2024-07-03 15:04:25
current ltp in fast loop:  53075.9
entered option in for: {'id': 74, 'symbol': 'BANKNIFTY31JUL2453800CE', 'bought_at': 15, 'sell_index': None, 'lot_price': 15, 'nse_index': '53099.3', 'orderid': '240703100631177', 'status': 'Entered', 'token': '53794', 'type': 'BUY', 'sell_orderid': None}
entered_option['symbol']: BANKNIFTY31JUL2453800CE
Sell index or ltp is None. sell_index: None, ltp: 53075.9
entered option in for: {'id': 75, 'symbol': 'BANKNIFTY31JUL2454000CE', 'bought_at': 15, 'sell_index': None, 'lot_price': 15, 'nse_index': '53099.3', 'orderid': '240703100631932', 'status': 'Entered', 'token': '53796', 'type': 'BUY', 'sell_orderid': None}
entered_option['symbol']: BANKNIFTY31JUL2454000CE
Sell index or ltp is None. sell_index: None, ltp: 53075.9
In fast loop..
Hi this is after loop thats you are cheking...
Task executed at 2024-07-03 15:04:25
Task executed at 2024-07-03 15:04:30
current ltp in fast loop:  53081.25
entered option in for: {'id': 74, 'symbol': 'BANKNIFTY31JUL2453800CE', 'bought_at': 15, 'sell_index': None, 'lot_price': 15, 'nse_index': '53099.3', 'orderid': '240703100631177', 'status': 'Entered', 'token': '53794', 'type': 'BUY', 'sell_orderid': None}
entered_option['symbol']: BANKNIFTY31JUL2453800CE
Sell index or ltp is None. sell_index: None, ltp: 53081.25
entered option in for: {'id': 75, 'symbol': 'BANKNIFTY31JUL2454000CE', 'bought_at': 15, 'sell_index': None, 'lot_price': 15, 'nse_index': '53099.3', 'orderid': '240703100631932', 'status': 'Entered', 'token': '53796', 'type': 'BUY', 'sell_orderid': None}
entered_option['symbol']: BANKNIFTY31JUL2454000CE
Sell index or ltp is None. sell_index: None, ltp: 53081.25
In fast loop..
Hi this is after loop thats you are cheking...
Task executed at 2024-07-03 15:04:30
Task executed at 2024-07-03 15:04:35
current ltp in fast loop:  53080.05
entered option in for: {'id': 74, 'symbol': 'BANKNIFTY31JUL2453800CE', 'bought_at': 15, 'sell_index': None, 'lot_price': 15, 'nse_index': '53099.3', 'orderid': '240703100631177', 'status': 'Entered', 'token': '53794', 'type': 'BUY', 'sell_orderid': None}
entered_option['symbol']: BANKNIFTY31JUL2453800CE
Sell index or ltp is None. sell_index: None, ltp: 53080.05
entered option in for: {'id': 75, 'symbol': 'BANKNIFTY31JUL2454000CE', 'bought_at': 15, 'sell_index': None, 'lot_price': 15, 'nse_index': '53099.3', 'orderid': '240703100631932', 'status': 'Entered', 'token': '53796', 'type': 'BUY', 'sell_orderid': None}
entered_option['symbol']: BANKNIFTY31JUL2454000CE
Sell index or ltp is None. sell_index: None, ltp: 53080.05
In fast loop..
Hi this is after loop thats you are cheking...
Task executed at 2024-07-03 15:04:35
Task executed at 2024-07-03 15:04:40
current ltp in fast loop:  53095.2
entered option in for: {'id': 74, 'symbol': 'BANKNIFTY31JUL2453800CE', 'bought_at': 15, 'sell_index': None, 'lot_price': 15, 'nse_index': '53099.3', 'orderid': '240703100631177', 'status': 'Entered', 'token': '53794', 'type': 'BUY', 'sell_orderid': None}
entered_option['symbol']: BANKNIFTY31JUL2453800CE
Sell index or ltp is None. sell_index: None, ltp: 53095.2
entered option in for: {'id': 75, 'symbol': 'BANKNIFTY31JUL2454000CE', 'bought_at': 15, 'sell_index': None, 'lot_price': 15, 'nse_index': '53099.3', 'orderid': '240703100631932', 'status': 'Entered', 'token': '53796', 'type': 'BUY', 'sell_orderid': None}
entered_option['symbol']: BANKNIFTY31JUL2454000CE
Sell index or ltp is None. sell_index: None, ltp: 53095.2
In fast loop..
Hi this is after loop thats you are cheking...
Task executed at 2024-07-03 15:04:40
Task executed at 2024-07-03 15:04:45
current ltp in fast loop:  53089.85
entered option in for: {'id': 74, 'symbol': 'BANKNIFTY31JUL2453800CE', 'bought_at': 15, 'sell_index': None, 'lot_price': 15, 'nse_index': '53099.3', 'orderid': '240703100631177', 'status': 'Entered', 'token': '53794', 'type': 'BUY', 'sell_orderid': None}
entered_option['symbol']: BANKNIFTY31JUL2453800CE
Sell index or ltp is None. sell_index: None, ltp: 53089.85
entered option in for: {'id': 75, 'symbol': 'BANKNIFTY31JUL2454000CE', 'bought_at': 15, 'sell_index': None, 'lot_price': 15, 'nse_index': '53099.3', 'orderid': '240703100631932', 'status': 'Entered', 'token': '53796', 'type': 'BUY', 'sell_orderid': None}
entered_option['symbol']: BANKNIFTY31JUL2454000CE
Sell index or ltp is None. sell_index: None, ltp: 53089.85
In fast loop..
Hi this is after loop thats you are cheking...
Task executed at 2024-07-03 15:04:45
Task executed at 2024-07-03 15:04:50
current ltp in fast loop:  53094.3
entered option in for: {'id': 74, 'symbol': 'BANKNIFTY31JUL2453800CE', 'bought_at': 15, 'sell_index': None, 'lot_price': 15, 'nse_index': '53099.3', 'orderid': '240703100631177', 'status': 'Entered', 'token': '53794', 'type': 'BUY', 'sell_orderid': None}
entered_option['symbol']: BANKNIFTY31JUL2453800CE
Sell index or ltp is None. sell_index: None, ltp: 53094.3
entered option in for: {'id': 75, 'symbol': 'BANKNIFTY31JUL2454000CE', 'bought_at': 15, 'sell_index': None, 'lot_price': 15, 'nse_index': '53099.3', 'orderid': '240703100631932', 'status': 'Entered', 'token': '53796', 'type': 'BUY', 'sell_orderid': None}
entered_option['symbol']: BANKNIFTY31JUL2454000CE
Sell index or ltp is None. sell_index: None, ltp: 53094.3
In fast loop..
Hi this is after loop thats you are cheking...
Task executed at 2024-07-03 15:04:50
Task executed at 2024-07-03 15:04:55
current ltp in fast loop:  53091.85
entered option in for: {'id': 74, 'symbol': 'BANKNIFTY31JUL2453800CE', 'bought_at': 15, 'sell_index': None, 'lot_price': 15, 'nse_index': '53099.3', 'orderid': '240703100631177', 'status': 'Entered', 'token': '53794', 'type': 'BUY', 'sell_orderid': None}
entered_option['symbol']: BANKNIFTY31JUL2453800CE
Sell index or ltp is None. sell_index: None, ltp: 53091.85
entered option in for: {'id': 75, 'symbol': 'BANKNIFTY31JUL2454000CE', 'bought_at': 15, 'sell_index': None, 'lot_price': 15, 'nse_index': '53099.3', 'orderid': '240703100631932', 'status': 'Entered', 'token': '53796', 'type': 'BUY', 'sell_orderid': None}
entered_option['symbol']: BANKNIFTY31JUL2454000CE
Sell index or ltp is None. sell_index: None, ltp: 53091.85
In fast loop..
Hi this is after loop thats you are cheking...
Task executed at 2024-07-03 15:04:55
Task executed at 2024-07-03 15:05:00
current ltp in fast loop:  53089.7
entered option in for: {'id': 74, 'symbol': 'BANKNIFTY31JUL2453800CE', 'bought_at': 15, 'sell_index': None, 'lot_price': 15, 'nse_index': '53099.3', 'orderid': '240703100631177', 'status': 'Entered', 'token': '53794', 'type': 'BUY', 'sell_orderid': None}
entered_option['symbol']: BANKNIFTY31JUL2453800CE
Sell index or ltp is None. sell_index: None, ltp: 53089.7
entered option in for: {'id': 75, 'symbol': 'BANKNIFTY31JUL2454000CE', 'bought_at': 15, 'sell_index': None, 'lot_price': 15, 'nse_index': '53099.3', 'orderid': '240703100631932', 'status': 'Entered', 'token': '53796', 'type': 'BUY', 'sell_orderid': None}
entered_option['symbol']: BANKNIFTY31JUL2454000CE
Sell index or ltp is None. sell_index: None, ltp: 53089.7
In fast loop..
Hi this is after loop thats you are cheking...
Exiting the loop and inserting record...
after flow1
Next History time: 2024-07-03 15:5
Next History time: 2024-07-03 15:5
High fiving at: 2024-07-03 15:05
variables::::: [None, None, None, None]
var of variable: None
var of variable: None
var of variable: None
var of variable: None
entered_options:  [{'id': 74, 'symbol': 'BANKNIFTY31JUL2453800CE', 'bought_at': 15, 'sell_index': None, 'lot_price': 15, 'nse_index': '53099.3', 'orderid': '240703100631177', 'status': 'Entered', 'token': '53794', 'type': 'BUY', 'sell_orderid': None}, {'id': 75, 'symbol': 'BANKNIFTY31JUL2454000CE', 'bought_at': 15, 'sell_index': None, 'lot_price': 15, 'nse_index': '53099.3', 'orderid': '240703100631932', 'status': 'Entered', 'token': '53796', 'type': 'BUY', 'sell_orderid': None}]
Task executed at 2024-07-03 15:10:05
current ltp in fast loop:  53102.0
entered option in for: {'id': 74, 'symbol': 'BANKNIFTY31JUL2453800CE', 'bought_at': 15, 'sell_index': None, 'lot_price': 15, 'nse_index': '53099.3', 'orderid': '240703100631177', 'status': 'Entered', 'token': '53794', 'type': 'BUY', 'sell_orderid': None}
entered_option['symbol']: BANKNIFTY31JUL2453800CE
Sell index or ltp is None. sell_index: None, ltp: 53102.0
entered option in for: {'id': 75, 'symbol': 'BANKNIFTY31JUL2454000CE', 'bought_at': 15, 'sell_index': None, 'lot_price': 15, 'nse_index': '53099.3', 'orderid': '240703100631932', 'status': 'Entered', 'token': '53796', 'type': 'BUY', 'sell_orderid': None}
entered_option['symbol']: BANKNIFTY31JUL2454000CE
Sell index or ltp is None. sell_index: None, ltp: 53102.0
In fast loop..
Hi this is after loop thats you are cheking...
Exiting the loop and inserting record...
after flow2
Next History time: 2024-07-03 15:10
Next History time: 2024-07-03 15:10
High fiving at: 2024-07-03 15:10
variables::::: [None, None, None, None]
var of variable: None
var of variable: None
var of variable: None
var of variable: None
entered_options:  [{'id': 74, 'symbol': 'BANKNIFTY31JUL2453800CE', 'bought_at': 15, 'sell_index': None, 'lot_price': 15, 'nse_index': '53099.3', 'orderid': '240703100631177', 'status': 'Entered', 'token': '53794', 'type': 'BUY', 'sell_orderid': None}, {'id': 75, 'symbol': 'BANKNIFTY31JUL2454000CE', 'bought_at': 15, 'sell_index': None, 'lot_price': 15, 'nse_index': '53099.3', 'orderid': '240703100631932', 'status': 'Entered', 'token': '53796', 'type': 'BUY', 'sell_orderid': None}]
Task executed at 2024-07-03 15:15:10
current ltp in fast loop:  53114.0
entered option in for: {'id': 74, 'symbol': 'BANKNIFTY31JUL2453800CE', 'bought_at': 15, 'sell_index': None, 'lot_price': 15, 'nse_index': '53099.3', 'orderid': '240703100631177', 'status': 'Entered', 'token': '53794', 'type': 'BUY', 'sell_orderid': None}
entered_option['symbol']: BANKNIFTY31JUL2453800CE
Sell index or ltp is None. sell_index: None, ltp: 53114.0
entered option in for: {'id': 75, 'symbol': 'BANKNIFTY31JUL2454000CE', 'bought_at': 15, 'sell_index': None, 'lot_price': 15, 'nse_index': '53099.3', 'orderid': '240703100631932', 'status': 'Entered', 'token': '53796', 'type': 'BUY', 'sell_orderid': None}
entered_option['symbol']: BANKNIFTY31JUL2454000CE
Sell index or ltp is None. sell_index: None, ltp: 53114.0
In fast loop..
Hi this is after loop thats you are cheking...
Exiting the loop and inserting record...
after flow3
Next History time: 2024-07-03 15:15
Next History time: 2024-07-03 15:15
High fiving at: 2024-07-03 15:15
variables::::: [None, None, None, None]
var of variable: None
var of variable: None
var of variable: None
var of variable: None
entered_options:  [{'id': 74, 'symbol': 'BANKNIFTY31JUL2453800CE', 'bought_at': 15, 'sell_index': None, 'lot_price': 15, 'nse_index': '53099.3', 'orderid': '240703100631177', 'status': 'Entered', 'token': '53794', 'type': 'BUY', 'sell_orderid': None}, {'id': 75, 'symbol': 'BANKNIFTY31JUL2454000CE', 'bought_at': 15, 'sell_index': None, 'lot_price': 15, 'nse_index': '53099.3', 'orderid': '240703100631932', 'status': 'Entered', 'token': '53796', 'type': 'BUY', 'sell_orderid': None}]
Task executed at 2024-07-03 15:20:15
current ltp in fast loop:  53111.25
entered option in for: {'id': 74, 'symbol': 'BANKNIFTY31JUL2453800CE', 'bought_at': 15, 'sell_index': None, 'lot_price': 15, 'nse_index': '53099.3', 'orderid': '240703100631177', 'status': 'Entered', 'token': '53794', 'type': 'BUY', 'sell_orderid': None}
entered_option['symbol']: BANKNIFTY31JUL2453800CE
Sell index or ltp is None. sell_index: None, ltp: 53111.25
entered option in for: {'id': 75, 'symbol': 'BANKNIFTY31JUL2454000CE', 'bought_at': 15, 'sell_index': None, 'lot_price': 15, 'nse_index': '53099.3', 'orderid': '240703100631932', 'status': 'Entered', 'token': '53796', 'type': 'BUY', 'sell_orderid': None}
entered_option['symbol']: BANKNIFTY31JUL2454000CE
Sell index or ltp is None. sell_index: None, ltp: 53111.25
In fast loop..
Hi this is after loop thats you are cheking...
Exiting the loop and inserting record...
after flow4
Next History time: 2024-07-03 15:20
Next History time: 2024-07-03 15:20
High fiving at: 2024-07-03 15:20
variables::::: [None, None, None, None]
var of variable: None
var of variable: None
var of variable: None
var of variable: None
entered_options:  [{'id': 74, 'symbol': 'BANKNIFTY31JUL2453800CE', 'bought_at': 15, 'sell_index': None, 'lot_price': 15, 'nse_index': '53099.3', 'orderid': '240703100631177', 'status': 'Entered', 'token': '53794', 'type': 'BUY', 'sell_orderid': None}, {'id': 75, 'symbol': 'BANKNIFTY31JUL2454000CE', 'bought_at': 15, 'sell_index': None, 'lot_price': 15, 'nse_index': '53099.3', 'orderid': '240703100631932', 'status': 'Entered', 'token': '53796', 'type': 'BUY', 'sell_orderid': None}]
Task executed at 2024-07-03 15:25:20
current ltp in fast loop:  53120.05
entered option in for: {'id': 74, 'symbol': 'BANKNIFTY31JUL2453800CE', 'bought_at': 15, 'sell_index': None, 'lot_price': 15, 'nse_index': '53099.3', 'orderid': '240703100631177', 'status': 'Entered', 'token': '53794', 'type': 'BUY', 'sell_orderid': None}
entered_option['symbol']: BANKNIFTY31JUL2453800CE
Sell index or ltp is None. sell_index: None, ltp: 53120.05
entered option in for: {'id': 75, 'symbol': 'BANKNIFTY31JUL2454000CE', 'bought_at': 15, 'sell_index': None, 'lot_price': 15, 'nse_index': '53099.3', 'orderid': '240703100631932', 'status': 'Entered', 'token': '53796', 'type': 'BUY', 'sell_orderid': None}
entered_option['symbol']: BANKNIFTY31JUL2454000CE
Sell index or ltp is None. sell_index: None, ltp: 53120.05
In fast loop..
Hi this is after loop thats you are cheking...
Exiting the loop and inserting record...
after flow5
Next History time: 2024-07-03 15:25
Next History time: 2024-07-03 15:25
High fiving at: 2024-07-03 15:25
variables::::: [None, None, None, None]
var of variable: None
var of variable: None
var of variable: None
var of variable: None
entered_options:  [{'id': 74, 'symbol': 'BANKNIFTY31JUL2453800CE', 'bought_at': 15, 'sell_index': None, 'lot_price': 15, 'nse_index': '53099.3', 'orderid': '240703100631177', 'status': 'Entered', 'token': '53794', 'type': 'BUY', 'sell_orderid': None}, {'id': 75, 'symbol': 'BANKNIFTY31JUL2454000CE', 'bought_at': 15, 'sell_index': None, 'lot_price': 15, 'nse_index': '53099.3', 'orderid': '240703100631932', 'status': 'Entered', 'token': '53796', 'type': 'BUY', 'sell_orderid': None}]
Task executed at 2024-07-03 15:30:25
current ltp in fast loop:  53036.35
entered option in for: {'id': 74, 'symbol': 'BANKNIFTY31JUL2453800CE', 'bought_at': 15, 'sell_index': None, 'lot_price': 15, 'nse_index': '53099.3', 'orderid': '240703100631177', 'status': 'Entered', 'token': '53794', 'type': 'BUY', 'sell_orderid': None}
entered_option['symbol']: BANKNIFTY31JUL2453800CE
Sell index or ltp is None. sell_index: None, ltp: 53036.35
entered option in for: {'id': 75, 'symbol': 'BANKNIFTY31JUL2454000CE', 'bought_at': 15, 'sell_index': None, 'lot_price': 15, 'nse_index': '53099.3', 'orderid': '240703100631932', 'status': 'Entered', 'token': '53796', 'type': 'BUY', 'sell_orderid': None}
entered_option['symbol']: BANKNIFTY31JUL2454000CE
Sell index or ltp is None. sell_index: None, ltp: 53036.35
In fast loop..
Hi this is after loop thats you are cheking...
Exiting the loop and inserting record...
after flow6
Next History time: 2024-07-03 15:30
Next History time: 2024-07-03 15:30
this is current params: {'exchange': 'NSE', 'symboltoken': '99926009', 'interval': 'FIVE_MINUTE', 'fromdate': '2024-07-03 15:30', 'todate': '2024-07-03 15:30'}
this is current: {}
High fiving at: 2024-07-04 09:10
variables::::: [None, None, None, None]
var of variable: None
var of variable: None
var of variable: None
var of variable: None
entered_options:  []
after flow1
Next History time: 2024-07-04 09:20
Next History time: 2024-07-04 09:20
High fiving at: 2024-07-04 09:15
variables::::: [None, None, None, None]
var of variable: None
var of variable: None
var of variable: None
var of variable: None
entered_options:  []
after flow2
Next History time: 2024-07-04 09:20
Next History time: 2024-07-04 09:20
High fiving at: 2024-07-04 09:20
flow_five Welcome to high five flow
flow_five_six -- stage_two
flow_five_six -- stage_two
flow_five_six_one --- stage_three
flow_five_six_three --- stage_three
flow_five_six_one --- stage_three
flow_five_six_one_three ---- stage_four
Greening from here>>>>>>>>>>>>>>>>>>>>>>>>>>>>>>>>>>>>>>>>>>>>>>>>>>>>>>>>>>>>>>>>>>>>>>>>>>>>>>>>>>>>>>>>>>>>>>>>>>>>>>>>>>>>>>>>>>>>>>>
High fiving at: 2024-07-04 09:20
flow_five Welcome to high five flow
flow_five_six -- stage_two
flow_five_six -- stage_two
flow_five_six_one --- stage_three
flow_five_six_three --- stage_three
flow_five_six_one --- stage_three
flow_five_six_one_three ---- stage_four
Greening from here>>>>>>>>>>>>>>>>>>>>>>>>>>>>>>>>>>>>>>>>>>>>>>>>>>>>>>>>>>>>>>>>>>>>>>>>>>>>>>>>>>>>>>>>>>>>>>>>>>>>>>>>>>>>>>>>>>>>>>>
High fiving at: 2024-07-04 09:20
flow_five Welcome to high five flow
flow_five_six -- stage_two
flow_five_six -- stage_two
flow_five_six_one --- stage_three
flow_five_six_three --- stage_three
flow_five_six_one --- stage_three
flow_five_six_one_three ---- stage_four
Greening from here>>>>>>>>>>>>>>>>>>>>>>>>>>>>>>>>>>>>>>>>>>>>>>>>>>>>>>>>>>>>>>>>>>>>>>>>>>>>>>>>>>>>>>>>>>>>>>>>>>>>>>>>>>>>>>>>>>>>>>>
High fiving at: 2024-07-04 09:20
flow_five Welcome to high five flow
flow_five_six -- stage_two
flow_five_six -- stage_two
flow_five_six_one --- stage_three
flow_five_six_three --- stage_three
flow_five_six_one --- stage_three
flow_five_six_one_three ---- stage_four
Greening from here>>>>>>>>>>>>>>>>>>>>>>>>>>>>>>>>>>>>>>>>>>>>>>>>>>>>>>>>>>>>>>>>>>>>>>>>>>>>>>>>>>>>>>>>>>>>>>>>>>>>>>>>>>>>>>>>>>>>>>>
High fiving at: 2024-07-04 09:20
flow_five Welcome to high five flow
flow_five_six -- stage_two
flow_five_six -- stage_two
flow_five_six_one --- stage_three
flow_five_six_three --- stage_three
flow_five_six_one --- stage_three
flow_five_six_one_three ---- stage_four
Greening from here>>>>>>>>>>>>>>>>>>>>>>>>>>>>>>>>>>>>>>>>>>>>>>>>>>>>>>>>>>>>>>>>>>>>>>>>>>>>>>>>>>>>>>>>>>>>>>>>>>>>>>>>>>>>>>>>>>>>>>>
High fiving at: 2024-07-04 09:20
flow_five Welcome to high five flow
flow_five_six -- stage_two
flow_five_six -- stage_two
flow_five_six_one --- stage_three
flow_five_six_three --- stage_three
flow_five_six_one --- stage_three
flow_five_six_one_three ---- stage_four
Greening from here>>>>>>>>>>>>>>>>>>>>>>>>>>>>>>>>>>>>>>>>>>>>>>>>>>>>>>>>>>>>>>>>>>>>>>>>>>>>>>>>>>>>>>>>>>>>>>>>>>>>>>>>>>>>>>>>>>>>>>>
High fiving at: 2024-07-04 09:20
flow_five Welcome to high five flow
flow_five_six -- stage_two
flow_five_six -- stage_two
flow_five_six_one --- stage_three
flow_five_six_three --- stage_three
flow_five_six_one --- stage_three
flow_five_six_one_three ---- stage_four
Greening from here>>>>>>>>>>>>>>>>>>>>>>>>>>>>>>>>>>>>>>>>>>>>>>>>>>>>>>>>>>>>>>>>>>>>>>>>>>>>>>>>>>>>>>>>>>>>>>>>>>>>>>>>>>>>>>>>>>>>>>>
High fiving at: 2024-07-04 09:20
flow_five Welcome to high five flow
flow_five_six -- stage_two
flow_five_six -- stage_two
flow_five_six_one --- stage_three
flow_five_six_three --- stage_three
flow_five_six_one --- stage_three
flow_five_six_one_three ---- stage_four
Greening from here>>>>>>>>>>>>>>>>>>>>>>>>>>>>>>>>>>>>>>>>>>>>>>>>>>>>>>>>>>>>>>>>>>>>>>>>>>>>>>>>>>>>>>>>>>>>>>>>>>>>>>>>>>>>>>>>>>>>>>>
High fiving at: 2024-07-04 09:20
flow_five Welcome to high five flow
flow_five_six -- stage_two
flow_five_six -- stage_two
flow_five_six_one --- stage_three
flow_five_six_three --- stage_three
flow_five_six_one --- stage_three
flow_five_six_one_three ---- stage_four
Greening from here>>>>>>>>>>>>>>>>>>>>>>>>>>>>>>>>>>>>>>>>>>>>>>>>>>>>>>>>>>>>>>>>>>>>>>>>>>>>>>>>>>>>>>>>>>>>>>>>>>>>>>>>>>>>>>>>>>>>>>>
High fiving at: 2024-07-04 09:20
flow_five Welcome to high five flow
flow_five_six -- stage_two
flow_five_six -- stage_two
flow_five_six_one --- stage_three
flow_five_six_three --- stage_three
flow_five_six_one --- stage_three
flow_five_six_one_three ---- stage_four
Greening from here>>>>>>>>>>>>>>>>>>>>>>>>>>>>>>>>>>>>>>>>>>>>>>>>>>>>>>>>>>>>>>>>>>>>>>>>>>>>>>>>>>>>>>>>>>>>>>>>>>>>>>>>>>>>>>>>>>>>>>>
High fiving at: 2024-07-04 09:20
flow_five Welcome to high five flow
flow_five_six -- stage_two
flow_five_six -- stage_two
flow_five_six_one --- stage_three
flow_five_six_three --- stage_three
flow_five_six_one --- stage_three
flow_five_six_one_three ---- stage_four
Greening from here>>>>>>>>>>>>>>>>>>>>>>>>>>>>>>>>>>>>>>>>>>>>>>>>>>>>>>>>>>>>>>>>>>>>>>>>>>>>>>>>>>>>>>>>>>>>>>>>>>>>>>>>>>>>>>>>>>>>>>>
High fiving at: 2024-07-04 09:20
flow_five Welcome to high five flow
flow_five_six -- stage_two
flow_five_six -- stage_two
flow_five_six_one --- stage_three
flow_five_six_three --- stage_three
flow_five_six_one --- stage_three
flow_five_six_one_three ---- stage_four
Greening from here>>>>>>>>>>>>>>>>>>>>>>>>>>>>>>>>>>>>>>>>>>>>>>>>>>>>>>>>>>>>>>>>>>>>>>>>>>>>>>>>>>>>>>>>>>>>>>>>>>>>>>>>>>>>>>>>>>>>>>>
High fiving at: 2024-07-04 09:20
flow_five Welcome to high five flow
flow_five_six -- stage_two
flow_five_six -- stage_two
flow_five_six_one --- stage_three
flow_five_six_three --- stage_three
flow_five_six_one --- stage_three
flow_five_six_one_three ---- stage_four
Greening from here>>>>>>>>>>>>>>>>>>>>>>>>>>>>>>>>>>>>>>>>>>>>>>>>>>>>>>>>>>>>>>>>>>>>>>>>>>>>>>>>>>>>>>>>>>>>>>>>>>>>>>>>>>>>>>>>>>>>>>>
High fiving at: 2024-07-04 09:20
flow_five Welcome to high five flow
flow_five_six -- stage_two
flow_five_six -- stage_two
flow_five_six_one --- stage_three
flow_five_six_three --- stage_three
flow_five_six_one --- stage_three
flow_five_six_one_three ---- stage_four
Greening from here>>>>>>>>>>>>>>>>>>>>>>>>>>>>>>>>>>>>>>>>>>>>>>>>>>>>>>>>>>>>>>>>>>>>>>>>>>>>>>>>>>>>>>>>>>>>>>>>>>>>>>>>>>>>>>>>>>>>>>>
High fiving at: 2024-07-04 09:20
flow_five Welcome to high five flow
flow_five_six -- stage_two
flow_five_six -- stage_two
flow_five_six_one --- stage_three
flow_five_six_three --- stage_three
flow_five_six_one --- stage_three
flow_five_six_one_three ---- stage_four
Greening from here>>>>>>>>>>>>>>>>>>>>>>>>>>>>>>>>>>>>>>>>>>>>>>>>>>>>>>>>>>>>>>>>>>>>>>>>>>>>>>>>>>>>>>>>>>>>>>>>>>>>>>>>>>>>>>>>>>>>>>>
High fiving at: 2024-07-04 09:20
flow_five Welcome to high five flow
flow_five_six -- stage_two
flow_five_six -- stage_two
flow_five_six_one --- stage_three
flow_five_six_three --- stage_three
flow_five_six_one --- stage_three
flow_five_six_one_three ---- stage_four
Greening from here>>>>>>>>>>>>>>>>>>>>>>>>>>>>>>>>>>>>>>>>>>>>>>>>>>>>>>>>>>>>>>>>>>>>>>>>>>>>>>>>>>>>>>>>>>>>>>>>>>>>>>>>>>>>>>>>>>>>>>>
High fiving at: 2024-07-04 09:20
flow_five Welcome to high five flow
flow_five_six -- stage_two
flow_five_six -- stage_two
flow_five_six_one --- stage_three
flow_five_six_three --- stage_three
flow_five_six_one --- stage_three
flow_five_six_one_three ---- stage_four
Greening from here>>>>>>>>>>>>>>>>>>>>>>>>>>>>>>>>>>>>>>>>>>>>>>>>>>>>>>>>>>>>>>>>>>>>>>>>>>>>>>>>>>>>>>>>>>>>>>>>>>>>>>>>>>>>>>>>>>>>>>>
High fiving at: 2024-07-04 09:20
flow_five Welcome to high five flow
flow_five_six -- stage_two
flow_five_six -- stage_two
flow_five_six_one --- stage_three
flow_five_six_three --- stage_three
flow_five_six_one --- stage_three
flow_five_six_one_three ---- stage_four
Greening from here>>>>>>>>>>>>>>>>>>>>>>>>>>>>>>>>>>>>>>>>>>>>>>>>>>>>>>>>>>>>>>>>>>>>>>>>>>>>>>>>>>>>>>>>>>>>>>>>>>>>>>>>>>>>>>>>>>>>>>>
High fiving at: 2024-07-04 09:20
flow_five Welcome to high five flow
flow_five_six -- stage_two
flow_five_six -- stage_two
flow_five_six_one --- stage_three
flow_five_six_three --- stage_three
flow_five_six_one --- stage_three
flow_five_six_one_three ---- stage_four
Greening from here>>>>>>>>>>>>>>>>>>>>>>>>>>>>>>>>>>>>>>>>>>>>>>>>>>>>>>>>>>>>>>>>>>>>>>>>>>>>>>>>>>>>>>>>>>>>>>>>>>>>>>>>>>>>>>>>>>>>>>>
High fiving at: 2024-07-04 09:20
flow_five Welcome to high five flow
flow_five_six -- stage_two
flow_five_six -- stage_two
flow_five_six_one --- stage_three
flow_five_six_three --- stage_three
flow_five_six_one --- stage_three
flow_five_six_one_three ---- stage_four
Greening from here>>>>>>>>>>>>>>>>>>>>>>>>>>>>>>>>>>>>>>>>>>>>>>>>>>>>>>>>>>>>>>>>>>>>>>>>>>>>>>>>>>>>>>>>>>>>>>>>>>>>>>>>>>>>>>>>>>>>>>>
High fiving at: 2024-07-04 09:20
flow_five Welcome to high five flow
flow_five_six -- stage_two
flow_five_six -- stage_two
flow_five_six_one --- stage_three
flow_five_six_three --- stage_three
flow_five_six_one --- stage_three
flow_five_six_one_three ---- stage_four
Greening from here>>>>>>>>>>>>>>>>>>>>>>>>>>>>>>>>>>>>>>>>>>>>>>>>>>>>>>>>>>>>>>>>>>>>>>>>>>>>>>>>>>>>>>>>>>>>>>>>>>>>>>>>>>>>>>>>>>>>>>>
High fiving at: 2024-07-04 09:20
flow_five Welcome to high five flow
flow_five_six -- stage_two
flow_five_six -- stage_two
flow_five_six_one --- stage_three
flow_five_six_three --- stage_three
flow_five_six_one --- stage_three
flow_five_six_one_three ---- stage_four
Greening from here>>>>>>>>>>>>>>>>>>>>>>>>>>>>>>>>>>>>>>>>>>>>>>>>>>>>>>>>>>>>>>>>>>>>>>>>>>>>>>>>>>>>>>>>>>>>>>>>>>>>>>>>>>>>>>>>>>>>>>>
High fiving at: 2024-07-04 09:20
flow_five Welcome to high five flow
flow_five_six -- stage_two
flow_five_six -- stage_two
flow_five_six_one --- stage_three
flow_five_six_three --- stage_three
flow_five_six_one --- stage_three
flow_five_six_one_three ---- stage_four
Greening from here>>>>>>>>>>>>>>>>>>>>>>>>>>>>>>>>>>>>>>>>>>>>>>>>>>>>>>>>>>>>>>>>>>>>>>>>>>>>>>>>>>>>>>>>>>>>>>>>>>>>>>>>>>>>>>>>>>>>>>>
High fiving at: 2024-07-04 09:20
flow_five Welcome to high five flow
flow_five_six -- stage_two
flow_five_six -- stage_two
flow_five_six_one --- stage_three
flow_five_six_three --- stage_three
flow_five_six_one --- stage_three
flow_five_six_one_three ---- stage_four
Greening from here>>>>>>>>>>>>>>>>>>>>>>>>>>>>>>>>>>>>>>>>>>>>>>>>>>>>>>>>>>>>>>>>>>>>>>>>>>>>>>>>>>>>>>>>>>>>>>>>>>>>>>>>>>>>>>>>>>>>>>>
High fiving at: 2024-07-04 09:25
variables::::: [None, None, None, None]
var of variable: None
var of variable: None
var of variable: None
var of variable: None
entered_options:  []
after flow1
Next History time: 2024-07-04 09:30
Next History time: 2024-07-04 09:30
High fiving at: 2024-07-04 09:30
variables::::: [None, None, None, None]
var of variable: None
var of variable: None
var of variable: None
var of variable: None
entered_options:  []
after flow2
Next History time: 2024-07-04 09:35
Next History time: 2024-07-04 09:35
High fiving at: 2024-07-04 09:35
variables::::: [None, None, None, None]
var of variable: None
var of variable: None
var of variable: None
var of variable: None
entered_options:  []
after flow3
Next History time: 2024-07-04 09:40
Next History time: 2024-07-04 09:40
Traceback (most recent call last):
  File "/var/www/html/market/example/Transactions.py", line 36, in <module>
    dates = stream_into_flow(obj,data)
  File "/var/www/html/market/example/lib.py", line 663, in stream_into_flow
    high_fiveflowv = high_fiveflow(Historion, current_params['todate'], connection_data, connection_obj)
  File "/var/www/html/market/example/Strategy.py", line 2591, in high_fiveflow
    resultant_option = pickup_fromstream(connection_obj, connection_data)
  File "/var/www/html/market/example/optionslib.py", line 35, in pickup_fromstream
    ranger_options = ranger_options_tokens(obj)
  File "/var/www/html/market/example/optionslib.py", line 126, in ranger_options_tokens
    tokens_array.append(searchScriptData['data'][0]['symboltoken'])
IndexError: list index out of range

During handling of the above exception, another exception occurred:

Traceback (most recent call last):
  File "/var/www/html/market/example/Transactions.py", line 42, in <module>
    dates = stream_into_flow(obj, data)
  File "/var/www/html/market/example/lib.py", line 691, in stream_into_flow
    time.sleep(300)
KeyboardInterrupt
High fiving at: 2024-07-04 09:20
flow_five Welcome to high five flow
flow_five_six -- stage_two
flow_five_six -- stage_two
flow_five_six_one --- stage_three
flow_five_six_three --- stage_three
flow_five_six_one --- stage_three
flow_five_six_one_three ---- stage_four
Greening from here>>>>>>>>>>>>>>>>>>>>>>>>>>>>>>>>>>>>>>>>>>>>>>>>>>>>>>>>>>>>>>>>>>>>>>>>>>>>>>>>>>>>>>>>>>>>>>>>>>>>>>>>>>>>>>>>>>>>>>>
High fiving at: 2024-07-04 09:35
variables::::: [None, None, None, None]
var of variable: None
var of variable: None
var of variable: None
var of variable: None
entered_options:  []
after flow1
Next History time: 2024-07-04 09:40
Next History time: 2024-07-04 09:40
High fiving at: 2024-07-04 09:40
variables::::: [None, None, None, None]
var of variable: None
var of variable: None
var of variable: None
var of variable: None
entered_options:  []
after flow2
Next History time: 2024-07-04 09:45
Next History time: 2024-07-04 09:45
High fiving at: 2024-07-04 09:45
variables::::: [None, None, None, None]
var of variable: None
var of variable: None
var of variable: None
var of variable: None
entered_options:  []
after flow3
Next History time: 2024-07-04 09:50
Next History time: 2024-07-04 09:50
High fiving at: 2024-07-04 09:50
variables::::: [None, None, None, None]
var of variable: None
var of variable: None
var of variable: None
var of variable: None
entered_options:  []
after flow4
Next History time: 2024-07-04 09:55
Next History time: 2024-07-04 09:55
High fiving at: 2024-07-04 09:55
flow_five Welcome to high five flow
flow_five_five -- stage_two
flow_five_five -- stage_two
flow_five_five_two -- stage_three
Greening from here>>>>>>>>>>>>>>>>>>>>>>>>>>>>>>>>>>>>>>>>>>>>>>>>>>>>>>>>>>>>>>>>>>>>>>>>>>>>>>>>>>>>>>>>>>>>>>>>>>>>>>>>>>>>>>>>>>>>>>>
High fiving at: 2024-07-04 09:55
flow_five Welcome to high five flow
flow_five_five -- stage_two
flow_five_five -- stage_two
flow_five_five_two -- stage_three
Greening from here>>>>>>>>>>>>>>>>>>>>>>>>>>>>>>>>>>>>>>>>>>>>>>>>>>>>>>>>>>>>>>>>>>>>>>>>>>>>>>>>>>>>>>>>>>>>>>>>>>>>>>>>>>>>>>>>>>>>>>>
High fiving at: 2024-07-04 09:55
flow_five Welcome to high five flow
flow_five_five -- stage_two
flow_five_five -- stage_two
flow_five_five_two -- stage_three
Greening from here>>>>>>>>>>>>>>>>>>>>>>>>>>>>>>>>>>>>>>>>>>>>>>>>>>>>>>>>>>>>>>>>>>>>>>>>>>>>>>>>>>>>>>>>>>>>>>>>>>>>>>>>>>>>>>>>>>>>>>>
High fiving at: 2024-07-04 09:55
flow_five Welcome to high five flow
flow_five_five -- stage_two
flow_five_five -- stage_two
flow_five_five_two -- stage_three
Greening from here>>>>>>>>>>>>>>>>>>>>>>>>>>>>>>>>>>>>>>>>>>>>>>>>>>>>>>>>>>>>>>>>>>>>>>>>>>>>>>>>>>>>>>>>>>>>>>>>>>>>>>>>>>>>>>>>>>>>>>>
High fiving at: 2024-07-04 09:55
flow_five Welcome to high five flow
flow_five_five -- stage_two
flow_five_five -- stage_two
flow_five_five_two -- stage_three
Greening from here>>>>>>>>>>>>>>>>>>>>>>>>>>>>>>>>>>>>>>>>>>>>>>>>>>>>>>>>>>>>>>>>>>>>>>>>>>>>>>>>>>>>>>>>>>>>>>>>>>>>>>>>>>>>>>>>>>>>>>>
High fiving at: 2024-07-04 09:55
flow_five Welcome to high five flow
flow_five_five -- stage_two
flow_five_five -- stage_two
flow_five_five_two -- stage_three
Greening from here>>>>>>>>>>>>>>>>>>>>>>>>>>>>>>>>>>>>>>>>>>>>>>>>>>>>>>>>>>>>>>>>>>>>>>>>>>>>>>>>>>>>>>>>>>>>>>>>>>>>>>>>>>>>>>>>>>>>>>>
High fiving at: 2024-07-04 09:55
flow_five Welcome to high five flow
flow_five_five -- stage_two
flow_five_five -- stage_two
flow_five_five_two -- stage_three
Greening from here>>>>>>>>>>>>>>>>>>>>>>>>>>>>>>>>>>>>>>>>>>>>>>>>>>>>>>>>>>>>>>>>>>>>>>>>>>>>>>>>>>>>>>>>>>>>>>>>>>>>>>>>>>>>>>>>>>>>>>>
High fiving at: 2024-07-04 09:55
flow_five Welcome to high five flow
flow_five_five -- stage_two
flow_five_five -- stage_two
flow_five_five_two -- stage_three
Greening from here>>>>>>>>>>>>>>>>>>>>>>>>>>>>>>>>>>>>>>>>>>>>>>>>>>>>>>>>>>>>>>>>>>>>>>>>>>>>>>>>>>>>>>>>>>>>>>>>>>>>>>>>>>>>>>>>>>>>>>>
High fiving at: 2024-07-04 09:55
flow_five Welcome to high five flow
flow_five_five -- stage_two
flow_five_five -- stage_two
flow_five_five_two -- stage_three
Greening from here>>>>>>>>>>>>>>>>>>>>>>>>>>>>>>>>>>>>>>>>>>>>>>>>>>>>>>>>>>>>>>>>>>>>>>>>>>>>>>>>>>>>>>>>>>>>>>>>>>>>>>>>>>>>>>>>>>>>>>>
High fiving at: 2024-07-04 09:55
flow_five Welcome to high five flow
flow_five_five -- stage_two
flow_five_five -- stage_two
flow_five_five_two -- stage_three
Greening from here>>>>>>>>>>>>>>>>>>>>>>>>>>>>>>>>>>>>>>>>>>>>>>>>>>>>>>>>>>>>>>>>>>>>>>>>>>>>>>>>>>>>>>>>>>>>>>>>>>>>>>>>>>>>>>>>>>>>>>>
High fiving at: 2024-07-04 09:55
flow_five Welcome to high five flow
flow_five_five -- stage_two
flow_five_five -- stage_two
flow_five_five_two -- stage_three
Greening from here>>>>>>>>>>>>>>>>>>>>>>>>>>>>>>>>>>>>>>>>>>>>>>>>>>>>>>>>>>>>>>>>>>>>>>>>>>>>>>>>>>>>>>>>>>>>>>>>>>>>>>>>>>>>>>>>>>>>>>>
High fiving at: 2024-07-04 09:55
flow_five Welcome to high five flow
flow_five_five -- stage_two
flow_five_five -- stage_two
flow_five_five_two -- stage_three
Greening from here>>>>>>>>>>>>>>>>>>>>>>>>>>>>>>>>>>>>>>>>>>>>>>>>>>>>>>>>>>>>>>>>>>>>>>>>>>>>>>>>>>>>>>>>>>>>>>>>>>>>>>>>>>>>>>>>>>>>>>>
High fiving at: 2024-07-04 09:55
flow_five Welcome to high five flow
flow_five_five -- stage_two
flow_five_five -- stage_two
flow_five_five_two -- stage_three
Greening from here>>>>>>>>>>>>>>>>>>>>>>>>>>>>>>>>>>>>>>>>>>>>>>>>>>>>>>>>>>>>>>>>>>>>>>>>>>>>>>>>>>>>>>>>>>>>>>>>>>>>>>>>>>>>>>>>>>>>>>>
High fiving at: 2024-07-04 09:55
flow_five Welcome to high five flow
flow_five_five -- stage_two
flow_five_five -- stage_two
flow_five_five_two -- stage_three
Greening from here>>>>>>>>>>>>>>>>>>>>>>>>>>>>>>>>>>>>>>>>>>>>>>>>>>>>>>>>>>>>>>>>>>>>>>>>>>>>>>>>>>>>>>>>>>>>>>>>>>>>>>>>>>>>>>>>>>>>>>>
High fiving at: 2024-07-04 09:55
flow_five Welcome to high five flow
flow_five_five -- stage_two
flow_five_five -- stage_two
flow_five_five_two -- stage_three
Greening from here>>>>>>>>>>>>>>>>>>>>>>>>>>>>>>>>>>>>>>>>>>>>>>>>>>>>>>>>>>>>>>>>>>>>>>>>>>>>>>>>>>>>>>>>>>>>>>>>>>>>>>>>>>>>>>>>>>>>>>>
High fiving at: 2024-07-04 09:55
flow_five Welcome to high five flow
flow_five_five -- stage_two
flow_five_five -- stage_two
flow_five_five_two -- stage_three
Greening from here>>>>>>>>>>>>>>>>>>>>>>>>>>>>>>>>>>>>>>>>>>>>>>>>>>>>>>>>>>>>>>>>>>>>>>>>>>>>>>>>>>>>>>>>>>>>>>>>>>>>>>>>>>>>>>>>>>>>>>>
High fiving at: 2024-07-04 09:55
flow_five Welcome to high five flow
flow_five_five -- stage_two
flow_five_five -- stage_two
flow_five_five_two -- stage_three
Greening from here>>>>>>>>>>>>>>>>>>>>>>>>>>>>>>>>>>>>>>>>>>>>>>>>>>>>>>>>>>>>>>>>>>>>>>>>>>>>>>>>>>>>>>>>>>>>>>>>>>>>>>>>>>>>>>>>>>>>>>>
High fiving at: 2024-07-04 09:55
flow_five Welcome to high five flow
flow_five_five -- stage_two
flow_five_five -- stage_two
flow_five_five_two -- stage_three
Greening from here>>>>>>>>>>>>>>>>>>>>>>>>>>>>>>>>>>>>>>>>>>>>>>>>>>>>>>>>>>>>>>>>>>>>>>>>>>>>>>>>>>>>>>>>>>>>>>>>>>>>>>>>>>>>>>>>>>>>>>>
High fiving at: 2024-07-04 09:55
flow_five Welcome to high five flow
flow_five_five -- stage_two
flow_five_five -- stage_two
flow_five_five_two -- stage_three
Greening from here>>>>>>>>>>>>>>>>>>>>>>>>>>>>>>>>>>>>>>>>>>>>>>>>>>>>>>>>>>>>>>>>>>>>>>>>>>>>>>>>>>>>>>>>>>>>>>>>>>>>>>>>>>>>>>>>>>>>>>>
High fiving at: 2024-07-04 09:55
flow_five Welcome to high five flow
flow_five_five -- stage_two
flow_five_five -- stage_two
flow_five_five_two -- stage_three
Greening from here>>>>>>>>>>>>>>>>>>>>>>>>>>>>>>>>>>>>>>>>>>>>>>>>>>>>>>>>>>>>>>>>>>>>>>>>>>>>>>>>>>>>>>>>>>>>>>>>>>>>>>>>>>>>>>>>>>>>>>>
High fiving at: 2024-07-04 09:55
flow_five Welcome to high five flow
flow_five_five -- stage_two
flow_five_five -- stage_two
flow_five_five_two -- stage_three
Greening from here>>>>>>>>>>>>>>>>>>>>>>>>>>>>>>>>>>>>>>>>>>>>>>>>>>>>>>>>>>>>>>>>>>>>>>>>>>>>>>>>>>>>>>>>>>>>>>>>>>>>>>>>>>>>>>>>>>>>>>>
High fiving at: 2024-07-04 10:00
variables::::: [None, None, None, None]
var of variable: None
var of variable: None
var of variable: None
var of variable: None
entered_options:  []
after flow1
Next History time: 2024-07-04 10:5
Next History time: 2024-07-04 10:5
Traceback (most recent call last):
  File "/var/www/html/market/example/Transactions.py", line 36, in <module>
    dates = stream_into_flow(obj,data)
  File "/var/www/html/market/example/lib.py", line 663, in stream_into_flow
    high_fiveflowv = high_fiveflow(Historion, current_params['todate'], connection_data, connection_obj)
  File "/var/www/html/market/example/Strategy.py", line 2429, in high_fiveflow
    resultant_option = pickup_fromstream(connection_obj, connection_data)
  File "/var/www/html/market/example/optionslib.py", line 35, in pickup_fromstream
    ranger_options = ranger_options_tokens(obj)
  File "/var/www/html/market/example/optionslib.py", line 126, in ranger_options_tokens
    tokens_array.append(searchScriptData['data'][0]['symboltoken'])
IndexError: list index out of range

During handling of the above exception, another exception occurred:

Traceback (most recent call last):
  File "/var/www/html/market/example/Transactions.py", line 42, in <module>
    dates = stream_into_flow(obj, data)
  File "/var/www/html/market/example/lib.py", line 691, in stream_into_flow
    time.sleep(300)
KeyboardInterrupt
High fiving at: 2024-07-04 09:55
flow_five Welcome to high five flow
flow_five_five -- stage_two
flow_five_five -- stage_two
flow_five_five_two -- stage_three
Greening from here>>>>>>>>>>>>>>>>>>>>>>>>>>>>>>>>>>>>>>>>>>>>>>>>>>>>>>>>>>>>>>>>>>>>>>>>>>>>>>>>>>>>>>>>>>>>>>>>>>>>>>>>>>>>>>>>>>>>>>>
High fiving at: 2024-07-04 10:00
variables::::: [None, None, None, None]
var of variable: None
var of variable: None
var of variable: None
var of variable: None
entered_options:  []
after flow1
Next History time: 2024-07-04 10:10
Next History time: 2024-07-04 10:10
High fiving at: 2024-07-04 10:05
variables::::: [None, None, None, None]
var of variable: None
var of variable: None
var of variable: None
var of variable: None
entered_options:  []
after flow2
Next History time: 2024-07-04 10:10
Next History time: 2024-07-04 10:10
High fiving at: 2024-07-04 10:10
variables::::: [None, None, None, None]
var of variable: None
var of variable: None
var of variable: None
var of variable: None
entered_options:  []
after flow3
Next History time: 2024-07-04 10:15
Next History time: 2024-07-04 10:15
High fiving at: 2024-07-04 10:15
variables::::: [None, None, None, None]
var of variable: None
var of variable: None
var of variable: None
var of variable: None
entered_options:  []
after flow4
Next History time: 2024-07-04 10:20
Next History time: 2024-07-04 10:20
High fiving at: 2024-07-04 10:20
variables::::: [None, None, None, None]
var of variable: None
var of variable: None
var of variable: None
var of variable: None
entered_options:  []
after flow5
Next History time: 2024-07-04 10:25
Next History time: 2024-07-04 10:25
High fiving at: 2024-07-04 10:25
variables::::: [None, None, None, None]
var of variable: None
var of variable: None
var of variable: None
var of variable: None
entered_options:  []
after flow6
Next History time: 2024-07-04 10:30
Next History time: 2024-07-04 10:30
High fiving at: 2024-07-04 10:30
variables::::: [None, None, None, None]
var of variable: None
var of variable: None
var of variable: None
var of variable: None
entered_options:  []
after flow7
Next History time: 2024-07-04 10:35
Next History time: 2024-07-04 10:35
High fiving at: 2024-07-04 10:35
variables::::: [None, None, None, None]
var of variable: None
var of variable: None
var of variable: None
var of variable: None
entered_options:  []
after flow8
Next History time: 2024-07-04 10:40
Next History time: 2024-07-04 10:40
High fiving at: 2024-07-04 10:40
variables::::: [None, None, None, None]
var of variable: None
var of variable: None
var of variable: None
var of variable: None
entered_options:  []
after flow9
Next History time: 2024-07-04 10:45
Next History time: 2024-07-04 10:45
High fiving at: 2024-07-04 10:45
variables::::: [None, None, None, None]
var of variable: None
var of variable: None
var of variable: None
var of variable: None
entered_options:  []
after flow10
Next History time: 2024-07-04 10:50
Next History time: 2024-07-04 10:50
High fiving at: 2024-07-04 10:50
variables::::: [None, None, None, None]
var of variable: None
var of variable: None
var of variable: None
var of variable: None
entered_options:  []
after flow11
Next History time: 2024-07-04 10:55
Next History time: 2024-07-04 10:55
High fiving at: 2024-07-04 10:55
variables::::: [None, None, None, None]
var of variable: None
var of variable: None
var of variable: None
var of variable: None
entered_options:  []
after flow12
Next History time: 2024-07-04 11:0
Next History time: 2024-07-04 11:0
Traceback (most recent call last):
  File "/var/www/html/market/example/Transactions.py", line 36, in <module>
    dates = stream_into_flow(obj,data)
  File "/var/www/html/market/example/lib.py", line 691, in stream_into_flow
    elif next_fivemloop_inseconds() <= 0:
KeyboardInterrupt
High fiving at: 2024-07-04 11:00
variables::::: [{'token': '55252', 'price': 1799.25, 'symbol': 'BANKNIFTY31JUL2453700CE', 'shareprice': 119.95}, None, None, None]
var of variable: {'token': '55252', 'price': 1799.25, 'symbol': 'BANKNIFTY31JUL2453700CE', 'shareprice': 119.95}
53182.99
High fiving at: 2024-07-04 11:00
variables::::: [{'token': '55252', 'price': 1788.75, 'symbol': 'BANKNIFTY31JUL2453700CE', 'shareprice': 119.25}, None, None, None]
var of variable: {'token': '55252', 'price': 1788.75, 'symbol': 'BANKNIFTY31JUL2453700CE', 'shareprice': 119.25}
Hihiiihi 53182.99
